Archive member included to satisfy reference by file (symbol)

c:\Users\GaelHenriquezDevia\OneDrive - Sint-Jozefinstituut Schoten\Documenten\Arduino\Arduino-Wifi-Chatroom\Server\build/core\core.a(SERCOM.cpp.o)
                              c:\Users\GaelHenriquezDevia\OneDrive - Sint-Jozefinstituut Schoten\Documenten\Arduino\Arduino-Wifi-Chatroom\Server\build\core\variant.cpp.o (SERCOM::SERCOM(Sercom*))
c:\Users\GaelHenriquezDevia\OneDrive - Sint-Jozefinstituut Schoten\Documenten\Arduino\Arduino-Wifi-Chatroom\Server\build/core\core.a(CDC.cpp.o)
                              c:\Users\GaelHenriquezDevia\OneDrive - Sint-Jozefinstituut Schoten\Documenten\Arduino\Arduino-Wifi-Chatroom\Server\build\libraries\WiFiNINA\WiFiClient.cpp.o (SerialUSB)
c:\Users\GaelHenriquezDevia\OneDrive - Sint-Jozefinstituut Schoten\Documenten\Arduino\Arduino-Wifi-Chatroom\Server\build/core\core.a(USBCore.cpp.o)
                              c:\Users\GaelHenriquezDevia\OneDrive - Sint-Jozefinstituut Schoten\Documenten\Arduino\Arduino-Wifi-Chatroom\Server\build/core\core.a(CDC.cpp.o) (usbd)
c:\Users\GaelHenriquezDevia\OneDrive - Sint-Jozefinstituut Schoten\Documenten\Arduino\Arduino-Wifi-Chatroom\Server\build/core\core.a(Uart.cpp.o)
                              c:\Users\GaelHenriquezDevia\OneDrive - Sint-Jozefinstituut Schoten\Documenten\Arduino\Arduino-Wifi-Chatroom\Server\build\core\variant.cpp.o (Uart::Uart(SERCOM*, unsigned char, unsigned char, SercomRXPad, SercomUartTXPad, unsigned char, unsigned char))
c:\Users\GaelHenriquezDevia\OneDrive - Sint-Jozefinstituut Schoten\Documenten\Arduino\Arduino-Wifi-Chatroom\Server\build/core\core.a(IPAddress.cpp.o)
                              c:\Users\GaelHenriquezDevia\OneDrive - Sint-Jozefinstituut Schoten\Documenten\Arduino\Arduino-Wifi-Chatroom\Server\build\libraries\WiFiNINA\WiFi.cpp.o (arduino::IPAddress::IPAddress())
c:\Users\GaelHenriquezDevia\OneDrive - Sint-Jozefinstituut Schoten\Documenten\Arduino\Arduino-Wifi-Chatroom\Server\build/core\core.a(PluggableUSB.cpp.o)
                              c:\Users\GaelHenriquezDevia\OneDrive - Sint-Jozefinstituut Schoten\Documenten\Arduino\Arduino-Wifi-Chatroom\Server\build/core\core.a(USBCore.cpp.o) (arduino::PluggableUSB_::getInterface(unsigned char*))
c:\Users\GaelHenriquezDevia\OneDrive - Sint-Jozefinstituut Schoten\Documenten\Arduino\Arduino-Wifi-Chatroom\Server\build/core\core.a(Print.cpp.o)
                              c:\Users\GaelHenriquezDevia\OneDrive - Sint-Jozefinstituut Schoten\Documenten\Arduino\Arduino-Wifi-Chatroom\Server\build/core\core.a(Uart.cpp.o) (arduino::Print::write(unsigned char const*, unsigned int))
c:\Users\GaelHenriquezDevia\OneDrive - Sint-Jozefinstituut Schoten\Documenten\Arduino\Arduino-Wifi-Chatroom\Server\build/core\core.a(String.cpp.o)
                              c:\Users\GaelHenriquezDevia\OneDrive - Sint-Jozefinstituut Schoten\Documenten\Arduino\Arduino-Wifi-Chatroom\Server\build\libraries\WiFiNINA\WiFiPreferences.cpp.o (arduino::String::String(char const*))
c:\Users\GaelHenriquezDevia\OneDrive - Sint-Jozefinstituut Schoten\Documenten\Arduino\Arduino-Wifi-Chatroom\Server\build/core\core.a(dtostrf.c.o)
                              c:\Users\GaelHenriquezDevia\OneDrive - Sint-Jozefinstituut Schoten\Documenten\Arduino\Arduino-Wifi-Chatroom\Server\build/core\core.a(String.cpp.o) (dtostrf)
c:\Users\GaelHenriquezDevia\OneDrive - Sint-Jozefinstituut Schoten\Documenten\Arduino\Arduino-Wifi-Chatroom\Server\build/core\core.a(cortex_handlers.c.o)
                              (Reset_Handler)
c:\Users\GaelHenriquezDevia\OneDrive - Sint-Jozefinstituut Schoten\Documenten\Arduino\Arduino-Wifi-Chatroom\Server\build/core\core.a(delay.c.o)
                              c:\Users\GaelHenriquezDevia\OneDrive - Sint-Jozefinstituut Schoten\Documenten\Arduino\Arduino-Wifi-Chatroom\Server\build\libraries\WiFiNINA\WiFi.cpp.o (millis)
c:\Users\GaelHenriquezDevia\OneDrive - Sint-Jozefinstituut Schoten\Documenten\Arduino\Arduino-Wifi-Chatroom\Server\build/core\core.a(hooks.c.o)
                              c:\Users\GaelHenriquezDevia\OneDrive - Sint-Jozefinstituut Schoten\Documenten\Arduino\Arduino-Wifi-Chatroom\Server\build/core\core.a(delay.c.o) (yield)
c:\Users\GaelHenriquezDevia\OneDrive - Sint-Jozefinstituut Schoten\Documenten\Arduino\Arduino-Wifi-Chatroom\Server\build/core\core.a(itoa.c.o)
                              c:\Users\GaelHenriquezDevia\OneDrive - Sint-Jozefinstituut Schoten\Documenten\Arduino\Arduino-Wifi-Chatroom\Server\build/core\core.a(String.cpp.o) (ltoa)
c:\Users\GaelHenriquezDevia\OneDrive - Sint-Jozefinstituut Schoten\Documenten\Arduino\Arduino-Wifi-Chatroom\Server\build/core\core.a(main.cpp.o)
                              c:/users/gaelhenriquezdevia/appdata/local/arduino15/packages/arduino/tools/arm-none-eabi-gcc/7-2017q4/bin/../lib/gcc/arm-none-eabi/7.2.1/../../../../arm-none-eabi/lib/thumb/v6-m/crt0.o (main)
[...]
Memory Configuration

Name             Origin             Length             Attributes
FLASH            0x00002000         0x0003e000         xr
RAM              0x20000000         0x00008000         xrw
*default*        0x00000000         0xffffffff

Linker script and memory map

LOAD c:/users/gaelhenriquezdevia/appdata/local/arduino15/packages/arduino/tools/arm-none-eabi-gcc/7-2017q4/bin/../lib/gcc/arm-none-eabi/7.2.1/thumb/v6-m/crti.o
LOAD c:/users/gaelhenriquezdevia/appdata/local/arduino15/packages/arduino/tools/arm-none-eabi-gcc/7-2017q4/bin/../lib/gcc/arm-none-eabi/7.2.1/thumb/v6-m/crtbegin.o
LOAD c:/users/gaelhenriquezdevia/appdata/local/arduino15/packages/arduino/tools/arm-none-eabi-gcc/7-2017q4/bin/../lib/gcc/arm-none-eabi/7.2.1/../../../../arm-none-eabi/lib/thumb/v6-m/crt0.o
LOAD c:\Users\GaelHenriquezDevia\OneDrive - Sint-Jozefinstituut Schoten\Documenten\Arduino\Arduino-Wifi-Chatroom\Server\build\sketch\Server.ino.cpp.o
LOAD c:\Users\GaelHenriquezDevia\OneDrive - Sint-Jozefinstituut Schoten\Documenten\Arduino\Arduino-Wifi-Chatroom\Server\build\libraries\WiFiNINA\WiFi.cpp.o
LOAD c:\Users\GaelHenriquezDevia\OneDrive - Sint-Jozefinstituut Schoten\Documenten\Arduino\Arduino-Wifi-Chatroom\Server\build\libraries\WiFiNINA\WiFiClient.cpp.o
LOAD c:\Users\GaelHenriquezDevia\OneDrive - Sint-Jozefinstituut Schoten\Documenten\Arduino\Arduino-Wifi-Chatroom\Server\build\libraries\WiFiNINA\WiFiPreferences.cpp.o
LOAD c:\Users\GaelHenriquezDevia\OneDrive - Sint-Jozefinstituut Schoten\Documenten\Arduino\Arduino-Wifi-Chatroom\Server\build\libraries\WiFiNINA\WiFiSSLClient.cpp.o
LOAD c:\Users\GaelHenriquezDevia\OneDrive - Sint-Jozefinstituut Schoten\Documenten\Arduino\Arduino-Wifi-Chatroom\Server\build\libraries\WiFiNINA\WiFiServer.cpp.o
LOAD c:\Users\GaelHenriquezDevia\OneDrive - Sint-Jozefinstituut Schoten\Documenten\Arduino\Arduino-Wifi-Chatroom\Server\build\libraries\WiFiNINA\WiFiStorage.cpp.o
LOAD c:\Users\GaelHenriquezDevia\OneDrive - Sint-Jozefinstituut Schoten\Documenten\Arduino\Arduino-Wifi-Chatroom\Server\build\libraries\WiFiNINA\WiFiUdp.cpp.o
LOAD c:\Users\GaelHenriquezDevia\OneDrive - Sint-Jozefinstituut Schoten\Documenten\Arduino\Arduino-Wifi-Chatroom\Server\build\libraries\WiFiNINA\utility\WiFiSocketBuffer.cpp.o
LOAD c:\Users\GaelHenriquezDevia\OneDrive - Sint-Jozefinstituut Schoten\Documenten\Arduino\Arduino-Wifi-Chatroom\Server\build\libraries\WiFiNINA\utility\nano_rp2040_support.cpp.o
LOAD c:\Users\GaelHenriquezDevia\OneDrive - Sint-Jozefinstituut Schoten\Documenten\Arduino\Arduino-Wifi-Chatroom\Server\build\libraries\WiFiNINA\utility\server_drv.cpp.o
LOAD c:\Users\GaelHenriquezDevia\OneDrive - Sint-Jozefinstituut Schoten\Documenten\Arduino\Arduino-Wifi-Chatroom\Server\build\libraries\WiFiNINA\utility\wifi_drv.cpp.o
LOAD c:\Users\GaelHenriquezDevia\OneDrive - Sint-Jozefinstituut Schoten\Documenten\Arduino\Arduino-Wifi-Chatroom\Server\build\libraries\Arduino_SpiNINA\spi_drv.cpp.o
LOAD c:\Users\GaelHenriquezDevia\OneDrive - Sint-Jozefinstituut Schoten\Documenten\Arduino\Arduino-Wifi-Chatroom\Server\build\libraries\SPI\SPI.cpp.o
LOAD c:\Users\GaelHenriquezDevia\OneDrive - Sint-Jozefinstituut Schoten\Documenten\Arduino\Arduino-Wifi-Chatroom\Server\build\core\variant.cpp.o
START GROUP
LOAD C:\Users\GaelHenriquezDevia\AppData\Local\Arduino15\packages\arduino\tools\CMSIS\4.5.0/CMSIS/Lib/GCC/\libarm_cortexM0l_math.a
LOAD c:\Users\GaelHenriquezDevia\OneDrive - Sint-Jozefinstituut Schoten\Documenten\Arduino\Arduino-Wifi-Chatroom\Server\build/core\core.a
END GROUP
LOAD c:/users/gaelhenriquezdevia/appdata/local/arduino15/packages/arduino/tools/arm-none-eabi-gcc/7-2017q4/bin/../lib/gcc/arm-none-eabi/7.2.1/../../../../arm-none-eabi/lib/thumb/v6-m\libstdc++_nano.a
LOAD c:/users/gaelhenriquezdevia/appdata/local/arduino15/packages/arduino/tools/arm-none-eabi-gcc/7-2017q4/bin/../lib/gcc/arm-none-eabi/7.2.1/../../../../arm-none-eabi/lib/thumb/v6-m\libm.a
START GROUP
LOAD c:/users/gaelhenriquezdevia/appdata/local/arduino15/packages/arduino/tools/arm-none-eabi-gcc/7-2017q4/bin/../lib/gcc/arm-none-eabi/7.2.1/thumb/v6-m\libgcc.a
LOAD c:/users/gaelhenriquezdevia/appdata/local/arduino15/packages/arduino/tools/arm-none-eabi-gcc/7-2017q4/bin/../lib/gcc/arm-none-eabi/7.2.1/../../../../arm-none-eabi/lib/thumb/v6-m\libc_nano.a
END GROUP
START GROUP
LOAD c:/users/gaelhenriquezdevia/appdata/local/arduino15/packages/arduino/tools/arm-none-eabi-gcc/7-2017q4/bin/../lib/gcc/arm-none-eabi/7.2.1/thumb/v6-m\libgcc.a
LOAD c:/users/gaelhenriquezdevia/appdata/local/arduino15/packages/arduino/tools/arm-none-eabi-gcc/7-2017q4/bin/../lib/gcc/arm-none-eabi/7.2.1/../../../../arm-none-eabi/lib/thumb/v6-m\libc_nano.a
LOAD c:/users/gaelhenriquezdevia/appdata/local/arduino15/packages/arduino/tools/arm-none-eabi-gcc/7-2017q4/bin/../lib/gcc/arm-none-eabi/7.2.1/../../../../arm-none-eabi/lib/thumb/v6-m\libnosys.a
END GROUP
START GROUP
LOAD c:/users/gaelhenriquezdevia/appdata/local/arduino15/packages/arduino/tools/arm-none-eabi-gcc/7-2017q4/bin/../lib/gcc/arm-none-eabi/7.2.1/thumb/v6-m\libgcc.a
LOAD c:/users/gaelhenriquezdevia/appdata/local/arduino15/packages/arduino/tools/arm-none-eabi-gcc/7-2017q4/bin/../lib/gcc/arm-none-eabi/7.2.1/../../../../arm-none-eabi/lib/thumb/v6-m\libc_nano.a
LOAD c:/users/gaelhenriquezdevia/appdata/local/arduino15/packages/arduino/tools/arm-none-eabi-gcc/7-2017q4/bin/../lib/gcc/arm-none-eabi/7.2.1/../../../../arm-none-eabi/lib/thumb/v6-m\libnosys.a
END GROUP
LOAD c:/users/gaelhenriquezdevia/appdata/local/arduino15/packages/arduino/tools/arm-none-eabi-gcc/7-2017q4/bin/../lib/gcc/arm-none-eabi/7.2.1/thumb/v6-m/crtend.o
LOAD c:/users/gaelhenriquezdevia/appdata/local/arduino15/packages/arduino/tools/arm-none-eabi-gcc/7-2017q4/bin/../lib/gcc/arm-none-eabi/7.2.1/thumb/v6-m/crtn.o

.text           0x00002000     0x33a4
                0x00002000                __text_start__ = .
 *(.sketch_boot)
                0x00002000                . = ALIGN (0x2000)
 *(.isr_vector)
 .isr_vector    0x00002000       0xb4 c:\Users\GaelHenriquezDevia\OneDrive - Sint-Jozefinstituut Schoten\Documenten\Arduino\Arduino-Wifi-Chatroom\Server\build/core\core.a(cortex_handlers.c.o)
                0x00002000                exception_table
 *(.text*)
 .text          0x000020b4       0x48 c:/users/gaelhenriquezdevia/appdata/local/arduino15/packages/arduino/tools/arm-none-eabi-gcc/7-2017q4/bin/../lib/gcc/arm-none-eabi/7.2.1/thumb/v6-m/crtbegin.o
 .text.setup    0x000020fc        0x2 c:\Users\GaelHenriquezDevia\OneDrive - Sint-Jozefinstituut Schoten\Documenten\Arduino\Arduino-Wifi-Chatroom\Server\build\sketch\Server.ino.cpp.o
                0x000020fc                setup
 .text.loop     0x000020fe        0x2 c:\Users\GaelHenriquezDevia\OneDrive - Sint-Jozefinstituut Schoten\Documenten\Arduino\Arduino-Wifi-Chatroom\Server\build\sketch\Server.ino.cpp.o
                0x000020fe                loop
 .text.startup._GLOBAL__sub_I__ZN9WiFiClassC2Ev
                0x00002100       0x14 c:\Users\GaelHenriquezDevia\OneDrive - Sint-Jozefinstituut Schoten\Documenten\Arduino\Arduino-Wifi-Chatroom\Server\build\libraries\WiFiNINA\WiFi.cpp.o
 .text._ZN21WiFiSocketBufferClassC2Ev
                0x00002114       0x10 c:\Users\GaelHenriquezDevia\OneDrive - Sint-Jozefinstituut Schoten\Documenten\Arduino\Arduino-Wifi-Chatroom\Server\build\libraries\WiFiNINA\utility\WiFiSocketBuffer.cpp.o
                0x00002114                WiFiSocketBufferClass::WiFiSocketBufferClass()
                0x00002114                WiFiSocketBufferClass::WiFiSocketBufferClass()
 .text._ZN21WiFiSocketBufferClass5closeEi
                0x00002124       0x1c c:\Users\GaelHenriquezDevia\OneDrive - Sint-Jozefinstituut Schoten\Documenten\Arduino\Arduino-Wifi-Chatroom\Server\build\libraries\WiFiNINA\utility\WiFiSocketBuffer.cpp.o
                0x00002124                WiFiSocketBufferClass::close(int)
 .text._ZN21WiFiSocketBufferClassD2Ev
                0x00002140       0x18 c:\Users\GaelHenriquezDevia\OneDrive - Sint-Jozefinstituut Schoten\Documenten\Arduino\Arduino-Wifi-Chatroom\Server\build\libraries\WiFiNINA\utility\WiFiSocketBuffer.cpp.o
                0x00002140                WiFiSocketBufferClass::~WiFiSocketBufferClass()
                0x00002140                WiFiSocketBufferClass::~WiFiSocketBufferClass()
 .text.startup._GLOBAL__sub_I__ZN21WiFiSocketBufferClassC2Ev
                0x00002158       0x24 c:\Users\GaelHenriquezDevia\OneDrive - Sint-Jozefinstituut Schoten\Documenten\Arduino\Arduino-Wifi-Chatroom\Server\build\libraries\WiFiNINA\utility\WiFiSocketBuffer.cpp.o
 .text._ZN12SPIClassSAMD8transferEPvj
                0x0000217c       0x1e c:\Users\GaelHenriquezDevia\OneDrive - Sint-Jozefinstituut Schoten\Documenten\Arduino\Arduino-Wifi-Chatroom\Server\build\libraries\SPI\SPI.cpp.o
                0x0000217c                SPIClassSAMD::transfer(void*, unsigned int)
 .text._ZN12SPIClassSAMD15attachInterruptEv
                0x0000219a        0x2 c:\Users\GaelHenriquezDevia\OneDrive - Sint-Jozefinstituut Schoten\Documenten\Arduino\Arduino-Wifi-Chatroom\Server\build\libraries\SPI\SPI.cpp.o
                0x0000219a                SPIClassSAMD::detachInterrupt()
                0x0000219a                SPIClassSAMD::attachInterrupt()
 .text._ZN12SPIClassSAMDD2Ev
                0x0000219c        0x2 c:\Users\GaelHenriquezDevia\OneDrive - Sint-Jozefinstituut Schoten\Documenten\Arduino\Arduino-Wifi-Chatroom\Server\build\libraries\SPI\SPI.cpp.o
                0x0000219c                SPIClassSAMD::~SPIClassSAMD()
                0x0000219c                SPIClassSAMD::~SPIClassSAMD()
 .text._ZN12SPIClassSAMD3endEv
                0x0000219e       0x10 c:\Users\GaelHenriquezDevia\OneDrive - Sint-Jozefinstituut Schoten\Documenten\Arduino\Arduino-Wifi-Chatroom\Server\build\libraries\SPI\SPI.cpp.o
                0x0000219e                SPIClassSAMD::end()
 .text._ZN12SPIClassSAMD8transferEh
                0x000021ae        0xa c:\Users\GaelHenriquezDevia\OneDrive - Sint-Jozefinstituut Schoten\Documenten\Arduino\Arduino-Wifi-Chatroom\Server\build\libraries\SPI\SPI.cpp.o
                0x000021ae                SPIClassSAMD::transfer(unsigned char)
 .text._ZN12SPIClassSAMD10transfer16Et
                0x000021b8       0x58 c:\Users\GaelHenriquezDevia\OneDrive - Sint-Jozefinstituut Schoten\Documenten\Arduino\Arduino-Wifi-Chatroom\Server\build\libraries\SPI\SPI.cpp.o
                0x000021b8                SPIClassSAMD::transfer16(unsigned short)
 .text._ZN12SPIClassSAMDD0Ev
                0x00002210        0xc c:\Users\GaelHenriquezDevia\OneDrive - Sint-Jozefinstituut Schoten\Documenten\Arduino\Arduino-Wifi-Chatroom\Server\build\libraries\SPI\SPI.cpp.o
                0x00002210                SPIClassSAMD::~SPIClassSAMD()
 .text._ZN12SPIClassSAMD14usingInterruptEi
                0x0000221c       0x44 c:\Users\GaelHenriquezDevia\OneDrive - Sint-Jozefinstituut Schoten\Documenten\Arduino\Arduino-Wifi-Chatroom\Server\build\libraries\SPI\SPI.cpp.o
                0x0000221c                SPIClassSAMD::usingInterrupt(int)
 .text._ZN12SPIClassSAMD17notUsingInterruptEi
                0x00002260       0x3c c:\Users\GaelHenriquezDevia\OneDrive - Sint-Jozefinstituut Schoten\Documenten\Arduino\Arduino-Wifi-Chatroom\Server\build\libraries\SPI\SPI.cpp.o
                0x00002260                SPIClassSAMD::notUsingInterrupt(int)
 .text._ZN12SPIClassSAMD14endTransactionEv
                0x0000229c       0x28 c:\Users\GaelHenriquezDevia\OneDrive - Sint-Jozefinstituut Schoten\Documenten\Arduino\Arduino-Wifi-Chatroom\Server\build\libraries\SPI\SPI.cpp.o
                0x0000229c                SPIClassSAMD::endTransaction()
 .text._ZN12SPIClassSAMD4initEv
                0x000022c4       0x12 c:\Users\GaelHenriquezDevia\OneDrive - Sint-Jozefinstituut Schoten\Documenten\Arduino\Arduino-Wifi-Chatroom\Server\build\libraries\SPI\SPI.cpp.o
                0x000022c4                SPIClassSAMD::init()
 *fill*         0x000022d6        0x2 
 .text._ZN12SPIClassSAMD6configEN7arduino11SPISettingsE
                0x000022d8       0x74 c:\Users\GaelHenriquezDevia\OneDrive - Sint-Jozefinstituut Schoten\Documenten\Arduino\Arduino-Wifi-Chatroom\Server\build\libraries\SPI\SPI.cpp.o
                0x000022d8                SPIClassSAMD::config(arduino::SPISettings)
 .text._ZN12SPIClassSAMD5beginEv
                0x0000234c       0x50 c:\Users\GaelHenriquezDevia\OneDrive - Sint-Jozefinstituut Schoten\Documenten\Arduino\Arduino-Wifi-Chatroom\Server\build\libraries\SPI\SPI.cpp.o
                0x0000234c                SPIClassSAMD::begin()
 .text._ZN12SPIClassSAMD16beginTransactionEN7arduino11SPISettingsE
                0x0000239c       0x38 c:\Users\GaelHenriquezDevia\OneDrive - Sint-Jozefinstituut Schoten\Documenten\Arduino\Arduino-Wifi-Chatroom\Server\build\libraries\SPI\SPI.cpp.o
                0x0000239c                SPIClassSAMD::beginTransaction(arduino::SPISettings)
 .text.startup._GLOBAL__sub_I__ZN12SPIClassSAMDC2EP6SERCOMhhh14SercomSpiTXPad11SercomRXPad
                0x000023d4       0x98 c:\Users\GaelHenriquezDevia\OneDrive - Sint-Jozefinstituut Schoten\Documenten\Arduino\Arduino-Wifi-Chatroom\Server\build\libraries\SPI\SPI.cpp.o
 .text.initVariant
                0x0000246c       0x24 c:\Users\GaelHenriquezDevia\OneDrive - Sint-Jozefinstituut Schoten\Documenten\Arduino\Arduino-Wifi-Chatroom\Server\build\core\variant.cpp.o
                0x0000246c                initVariant
 .text.SERCOM5_Handler
                0x00002490       0x10 c:\Users\GaelHenriquezDevia\OneDrive - Sint-Jozefinstituut Schoten\Documenten\Arduino\Arduino-Wifi-Chatroom\Server\build\core\variant.cpp.o
                0x00002490                SERCOM5_Handler
 .text.SERCOM3_Handler
                0x000024a0       0x10 c:\Users\GaelHenriquezDevia\OneDrive - Sint-Jozefinstituut Schoten\Documenten\Arduino\Arduino-Wifi-Chatroom\Server\build\core\variant.cpp.o
                0x000024a0                SERCOM3_Handler
 .text.SERCOM2_Handler
                0x000024b0       0x10 c:\Users\GaelHenriquezDevia\OneDrive - Sint-Jozefinstituut Schoten\Documenten\Arduino\Arduino-Wifi-Chatroom\Server\build\core\variant.cpp.o
                0x000024b0                SERCOM2_Handler
 .text.startup._GLOBAL__sub_I_g_APinDescription
                0x000024c0       0xbc c:\Users\GaelHenriquezDevia\OneDrive - Sint-Jozefinstituut Schoten\Documenten\Arduino\Arduino-Wifi-Chatroom\Server\build\core\variant.cpp.o
 .text._ZN6SERCOMC2EP6Sercom
                0x0000257c        0x8 c:\Users\GaelHenriquezDevia\OneDrive - Sint-Jozefinstituut Schoten\Documenten\Arduino\Arduino-Wifi-Chatroom\Server\build/core\core.a(SERCOM.cpp.o)
                0x0000257c                SERCOM::SERCOM(Sercom*)
                0x0000257c                SERCOM::SERCOM(Sercom*)
 .text._ZN6SERCOM9initFrameE18SercomUartCharSize15SercomDataOrder16SercomParityMode19SercomNumberStopBit
                0x00002584       0x3a c:\Users\GaelHenriquezDevia\OneDrive - Sint-Jozefinstituut Schoten\Documenten\Arduino\Arduino-Wifi-Chatroom\Server\build/core\core.a(SERCOM.cpp.o)
                0x00002584                SERCOM::initFrame(SercomUartCharSize, SercomDataOrder, SercomParityMode, SercomNumberStopBit)
 .text._ZN6SERCOM8initPadsE15SercomUartTXPad11SercomRXPad
                0x000025be       0x26 c:\Users\GaelHenriquezDevia\OneDrive - Sint-Jozefinstituut Schoten\Documenten\Arduino\Arduino-Wifi-Chatroom\Server\build/core\core.a(SERCOM.cpp.o)
                0x000025be                SERCOM::initPads(SercomUartTXPad, SercomRXPad)
 .text._ZN6SERCOM9resetUARTEv
                0x000025e4       0x1a c:\Users\GaelHenriquezDevia\OneDrive - Sint-Jozefinstituut Schoten\Documenten\Arduino\Arduino-Wifi-Chatroom\Server\build/core\core.a(SERCOM.cpp.o)
                0x000025e4                SERCOM::resetUART()
 .text._ZN6SERCOM10enableUARTEv
                0x000025fe       0x14 c:\Users\GaelHenriquezDevia\OneDrive - Sint-Jozefinstituut Schoten\Documenten\Arduino\Arduino-Wifi-Chatroom\Server\build/core\core.a(SERCOM.cpp.o)
                0x000025fe                SERCOM::enableUART()
 .text._ZN6SERCOM9flushUARTEv
                0x00002612       0x14 c:\Users\GaelHenriquezDevia\OneDrive - Sint-Jozefinstituut Schoten\Documenten\Arduino\Arduino-Wifi-Chatroom\Server\build/core\core.a(SERCOM.cpp.o)
                0x00002612                SERCOM::flushUART()
 .text._ZN6SERCOM15clearStatusUARTEv
                0x00002626        0x8 c:\Users\GaelHenriquezDevia\OneDrive - Sint-Jozefinstituut Schoten\Documenten\Arduino\Arduino-Wifi-Chatroom\Server\build/core\core.a(SERCOM.cpp.o)
                0x00002626                SERCOM::clearStatusUART()
 .text._ZN6SERCOM17availableDataUARTEv
                0x0000262e        0xa c:\Users\GaelHenriquezDevia\OneDrive - Sint-Jozefinstituut Schoten\Documenten\Arduino\Arduino-Wifi-Chatroom\Server\build/core\core.a(SERCOM.cpp.o)
                0x0000262e                SERCOM::availableDataUART()
 .text._ZN6SERCOM11isUARTErrorEv
                0x00002638        0x8 c:\Users\GaelHenriquezDevia\OneDrive - Sint-Jozefinstituut Schoten\Documenten\Arduino\Arduino-Wifi-Chatroom\Server\build/core\core.a(SERCOM.cpp.o)
                0x00002638                SERCOM::isUARTError()
 .text._ZN6SERCOM20acknowledgeUARTErrorEv
                0x00002640        0xe c:\Users\GaelHenriquezDevia\OneDrive - Sint-Jozefinstituut Schoten\Documenten\Arduino\Arduino-Wifi-Chatroom\Server\build/core\core.a(SERCOM.cpp.o)
                0x00002640                SERCOM::acknowledgeUARTError()
 .text._ZN6SERCOM16isFrameErrorUARTEv
                0x0000264e        0xa c:\Users\GaelHenriquezDevia\OneDrive - Sint-Jozefinstituut Schoten\Documenten\Arduino\Arduino-Wifi-Chatroom\Server\build/core\core.a(SERCOM.cpp.o)
                0x0000264e                SERCOM::isFrameErrorUART()
 .text._ZN6SERCOM19clearFrameErrorUARTEv
                0x00002658        0xc c:\Users\GaelHenriquezDevia\OneDrive - Sint-Jozefinstituut Schoten\Documenten\Arduino\Arduino-Wifi-Chatroom\Server\build/core\core.a(SERCOM.cpp.o)
                0x00002658                SERCOM::clearFrameErrorUART()
 .text._ZN6SERCOM23isDataRegisterEmptyUARTEv
                0x00002664        0xa c:\Users\GaelHenriquezDevia\OneDrive - Sint-Jozefinstituut Schoten\Documenten\Arduino\Arduino-Wifi-Chatroom\Server\build/core\core.a(SERCOM.cpp.o)
                0x00002664                SERCOM::isDataRegisterEmptyUART()
 .text._ZN6SERCOM12readDataUARTEv
                0x0000266e        0x8 c:\Users\GaelHenriquezDevia\OneDrive - Sint-Jozefinstituut Schoten\Documenten\Arduino\Arduino-Wifi-Chatroom\Server\build/core\core.a(SERCOM.cpp.o)
                0x0000266e                SERCOM::readDataUART()
 .text._ZN6SERCOM13writeDataUARTEh
                0x00002676       0x14 c:\Users\GaelHenriquezDevia\OneDrive - Sint-Jozefinstituut Schoten\Documenten\Arduino\Arduino-Wifi-Chatroom\Server\build/core\core.a(SERCOM.cpp.o)
                0x00002676                SERCOM::writeDataUART(unsigned char)
 .text._ZN6SERCOM36enableDataRegisterEmptyInterruptUARTEv
                0x0000268a        0x8 c:\Users\GaelHenriquezDevia\OneDrive - Sint-Jozefinstituut Schoten\Documenten\Arduino\Arduino-Wifi-Chatroom\Server\build/core\core.a(SERCOM.cpp.o)
                0x0000268a                SERCOM::enableDataRegisterEmptyInterruptUART()
 .text._ZN6SERCOM37disableDataRegisterEmptyInterruptUARTEv
                0x00002692        0x8 c:\Users\GaelHenriquezDevia\OneDrive - Sint-Jozefinstituut Schoten\Documenten\Arduino\Arduino-Wifi-Chatroom\Server\build/core\core.a(SERCOM.cpp.o)
                0x00002692                SERCOM::disableDataRegisterEmptyInterruptUART()
 *fill*         0x0000269a        0x2 
 .text._ZN6SERCOM12initSPIClockE18SercomSpiClockModem
                0x0000269c       0x30 c:\Users\GaelHenriquezDevia\OneDrive - Sint-Jozefinstituut Schoten\Documenten\Arduino\Arduino-Wifi-Chatroom\Server\build/core\core.a(SERCOM.cpp.o)
                0x0000269c                SERCOM::initSPIClock(SercomSpiClockMode, unsigned long)
 .text._ZN6SERCOM8resetSPIEv
                0x000026cc       0x1a c:\Users\GaelHenriquezDevia\OneDrive - Sint-Jozefinstituut Schoten\Documenten\Arduino\Arduino-Wifi-Chatroom\Server\build/core\core.a(SERCOM.cpp.o)
                0x000026cc                SERCOM::resetSPI()
 .text._ZN6SERCOM9enableSPIEv
                0x000026e6       0x14 c:\Users\GaelHenriquezDevia\OneDrive - Sint-Jozefinstituut Schoten\Documenten\Arduino\Arduino-Wifi-Chatroom\Server\build/core\core.a(SERCOM.cpp.o)
                0x000026e6                SERCOM::enableSPI()
 .text._ZN6SERCOM10disableSPIEv
                0x000026fa       0x12 c:\Users\GaelHenriquezDevia\OneDrive - Sint-Jozefinstituut Schoten\Documenten\Arduino\Arduino-Wifi-Chatroom\Server\build/core\core.a(SERCOM.cpp.o)
                0x000026fa                SERCOM::disableSPI()
 .text._ZN6SERCOM15getDataOrderSPIEv
                0x0000270c        0xa c:\Users\GaelHenriquezDevia\OneDrive - Sint-Jozefinstituut Schoten\Documenten\Arduino\Arduino-Wifi-Chatroom\Server\build/core\core.a(SERCOM.cpp.o)
                0x0000270c                SERCOM::getDataOrderSPI()
 .text._ZN6SERCOM15transferDataSPIEh
                0x00002716       0x1a c:\Users\GaelHenriquezDevia\OneDrive - Sint-Jozefinstituut Schoten\Documenten\Arduino\Arduino-Wifi-Chatroom\Server\build/core\core.a(SERCOM.cpp.o)
                0x00002716                SERCOM::transferDataSPI(unsigned char)
 .text._ZN6SERCOM13initClockNVICEv
                0x00002730       0xa8 c:\Users\GaelHenriquezDevia\OneDrive - Sint-Jozefinstituut Schoten\Documenten\Arduino\Arduino-Wifi-Chatroom\Server\build/core\core.a(SERCOM.cpp.o)
                0x00002730                SERCOM::initClockNVIC()
 .text._ZN6SERCOM8initUARTE14SercomUartMode20SercomUartSampleRatem
                0x000027d8       0x6c c:\Users\GaelHenriquezDevia\OneDrive - Sint-Jozefinstituut Schoten\Documenten\Arduino\Arduino-Wifi-Chatroom\Server\build/core\core.a(SERCOM.cpp.o)
                0x000027d8                SERCOM::initUART(SercomUartMode, SercomUartSampleRate, unsigned long)
 .text._ZN6SERCOM7initSPIE14SercomSpiTXPad11SercomRXPad17SercomSpiCharSize15SercomDataOrder
                0x00002844       0x4a c:\Users\GaelHenriquezDevia\OneDrive - Sint-Jozefinstituut Schoten\Documenten\Arduino\Arduino-Wifi-Chatroom\Server\build/core\core.a(SERCOM.cpp.o)
                0x00002844                SERCOM::initSPI(SercomSpiTXPad, SercomRXPad, SercomSpiCharSize, SercomDataOrder)
 .text._ZN7Serial_13getDescriptorERN7arduino8USBSetupE
                0x0000288e        0x4 c:\Users\GaelHenriquezDevia\OneDrive - Sint-Jozefinstituut Schoten\Documenten\Arduino\Arduino-Wifi-Chatroom\Server\build/core\core.a(CDC.cpp.o)
                0x0000288e                Serial_::getDescriptor(arduino::USBSetup&)
 .text._ZL5utox8mPc
                0x00002892       0x24 c:\Users\GaelHenriquezDevia\OneDrive - Sint-Jozefinstituut Schoten\Documenten\Arduino\Arduino-Wifi-Chatroom\Server\build/core\core.a(CDC.cpp.o)
 *fill*         0x000028b6        0x2 
 .text._ZN7Serial_12getShortNameEPc
                0x000028b8       0x44 c:\Users\GaelHenriquezDevia\OneDrive - Sint-Jozefinstituut Schoten\Documenten\Arduino\Arduino-Wifi-Chatroom\Server\build/core\core.a(CDC.cpp.o)
                0x000028b8                Serial_::getShortName(char*)
 .text._ZThn16_N7Serial_12getShortNameEPc
                0x000028fc       0x10 c:\Users\GaelHenriquezDevia\OneDrive - Sint-Jozefinstituut Schoten\Documenten\Arduino\Arduino-Wifi-Chatroom\Server\build/core\core.a(CDC.cpp.o)
                0x000028fc                non-virtual thunk to Serial_::getShortName(char*)
 .text._ZN7Serial_5beginEm
                0x0000290c        0x2 c:\Users\GaelHenriquezDevia\OneDrive - Sint-Jozefinstituut Schoten\Documenten\Arduino\Arduino-Wifi-Chatroom\Server\build/core\core.a(CDC.cpp.o)
                0x0000290c                Serial_::begin(unsigned long)
 .text._ZN7Serial_5beginEmt
                0x0000290e        0x2 c:\Users\GaelHenriquezDevia\OneDrive - Sint-Jozefinstituut Schoten\Documenten\Arduino\Arduino-Wifi-Chatroom\Server\build/core\core.a(CDC.cpp.o)
                0x0000290e                Serial_::begin(unsigned long, unsigned short)
 .text._ZN7Serial_17availableForWriteEv
                0x00002910        0x4 c:\Users\GaelHenriquezDevia\OneDrive - Sint-Jozefinstituut Schoten\Documenten\Arduino\Arduino-Wifi-Chatroom\Server\build/core\core.a(CDC.cpp.o)
                0x00002910                Serial_::availableForWrite()
 .text._ZN7Serial_5writeEh
                0x00002914       0x14 c:\Users\GaelHenriquezDevia\OneDrive - Sint-Jozefinstituut Schoten\Documenten\Arduino\Arduino-Wifi-Chatroom\Server\build/core\core.a(CDC.cpp.o)
                0x00002914                Serial_::write(unsigned char)
 .text._ZN7Serial_12getInterfaceEPh
                0x00002928      0x11c c:\Users\GaelHenriquezDevia\OneDrive - Sint-Jozefinstituut Schoten\Documenten\Arduino\Arduino-Wifi-Chatroom\Server\build/core\core.a(CDC.cpp.o)
                0x00002928                Serial_::getInterface(unsigned char*)
 .text._ZThn16_N7Serial_12getInterfaceEPh
                0x00002a44       0x10 c:\Users\GaelHenriquezDevia\OneDrive - Sint-Jozefinstituut Schoten\Documenten\Arduino\Arduino-Wifi-Chatroom\Server\build/core\core.a(CDC.cpp.o)
                0x00002a44                non-virtual thunk to Serial_::getInterface(unsigned char*)
 .text._ZN7Serial_5setupERN7arduino8USBSetupE
                0x00002a54       0x9c c:\Users\GaelHenriquezDevia\OneDrive - Sint-Jozefinstituut Schoten\Documenten\Arduino\Arduino-Wifi-Chatroom\Server\build/core\core.a(CDC.cpp.o)
                0x00002a54                Serial_::setup(arduino::USBSetup&)
 .text._ZThn16_N7Serial_5setupERN7arduino8USBSetupE
                0x00002af0       0x10 c:\Users\GaelHenriquezDevia\OneDrive - Sint-Jozefinstituut Schoten\Documenten\Arduino\Arduino-Wifi-Chatroom\Server\build/core\core.a(CDC.cpp.o)
                0x00002af0                non-virtual thunk to Serial_::setup(arduino::USBSetup&)
 .text._ZN7Serial_3endEv
                0x00002b00        0xe c:\Users\GaelHenriquezDevia\OneDrive - Sint-Jozefinstituut Schoten\Documenten\Arduino\Arduino-Wifi-Chatroom\Server\build/core\core.a(CDC.cpp.o)
                0x00002b00                Serial_::end()
 *fill*         0x00002b0e        0x2 
 .text._ZN7Serial_9availableEv
                0x00002b10       0x20 c:\Users\GaelHenriquezDevia\OneDrive - Sint-Jozefinstituut Schoten\Documenten\Arduino\Arduino-Wifi-Chatroom\Server\build/core\core.a(CDC.cpp.o)
                0x00002b10                Serial_::available()
 .text._ZN7Serial_5flushEv
                0x00002b30        0xe c:\Users\GaelHenriquezDevia\OneDrive - Sint-Jozefinstituut Schoten\Documenten\Arduino\Arduino-Wifi-Chatroom\Server\build/core\core.a(CDC.cpp.o)
                0x00002b30                Serial_::flush()
 .text._ZN7Serial_5clearEv
                0x00002b3e        0xe c:\Users\GaelHenriquezDevia\OneDrive - Sint-Jozefinstituut Schoten\Documenten\Arduino\Arduino-Wifi-Chatroom\Server\build/core\core.a(CDC.cpp.o)
                0x00002b3e                Serial_::clear()
 .text._ZN7Serial_5writeEPKhj
                0x00002b4c       0x1e c:\Users\GaelHenriquezDevia\OneDrive - Sint-Jozefinstituut Schoten\Documenten\Arduino\Arduino-Wifi-Chatroom\Server\build/core\core.a(CDC.cpp.o)
                0x00002b4c                Serial_::write(unsigned char const*, unsigned int)
 *fill*         0x00002b6a        0x2 
 .text._ZN7Serial_4peekEv
                0x00002b6c       0x1c c:\Users\GaelHenriquezDevia\OneDrive - Sint-Jozefinstituut Schoten\Documenten\Arduino\Arduino-Wifi-Chatroom\Server\build/core\core.a(CDC.cpp.o)
                0x00002b6c                Serial_::peek()
 .text._ZN7Serial_4readEv
                0x00002b88       0x24 c:\Users\GaelHenriquezDevia\OneDrive - Sint-Jozefinstituut Schoten\Documenten\Arduino\Arduino-Wifi-Chatroom\Server\build/core\core.a(CDC.cpp.o)
                0x00002b88                Serial_::read()
 .text._ZN7Serial_cvbEv
                0x00002bac       0x26 c:\Users\GaelHenriquezDevia\OneDrive - Sint-Jozefinstituut Schoten\Documenten\Arduino\Arduino-Wifi-Chatroom\Server\build/core\core.a(CDC.cpp.o)
                0x00002bac                Serial_::operator bool()
 .text._ZThn16_N7Serial_13getDescriptorERN7arduino8USBSetupE
                0x00002bd2        0x4 c:\Users\GaelHenriquezDevia\OneDrive - Sint-Jozefinstituut Schoten\Documenten\Arduino\Arduino-Wifi-Chatroom\Server\build/core\core.a(CDC.cpp.o)
                0x00002bd2                non-virtual thunk to Serial_::getDescriptor(arduino::USBSetup&)
 .text.resetExternalChip
                0x00002bd6        0x2 c:\Users\GaelHenriquezDevia\OneDrive - Sint-Jozefinstituut Schoten\Documenten\Arduino\Arduino-Wifi-Chatroom\Server\build/core\core.a(CDC.cpp.o)
                0x00002bd6                resetExternalChip
 .text._ZN7Serial_14handleEndpointEi
                0x00002bd8        0x2 c:\Users\GaelHenriquezDevia\OneDrive - Sint-Jozefinstituut Schoten\Documenten\Arduino\Arduino-Wifi-Chatroom\Server\build/core\core.a(CDC.cpp.o)
                0x00002bd8                Serial_::handleEndpoint(int)
 *fill*         0x00002bda        0x2 
 .text._ZN7Serial_C2ER14USBDeviceClass
                0x00002bdc       0x5c c:\Users\GaelHenriquezDevia\OneDrive - Sint-Jozefinstituut Schoten\Documenten\Arduino\Arduino-Wifi-Chatroom\Server\build/core\core.a(CDC.cpp.o)
                0x00002bdc                Serial_::Serial_(USBDeviceClass&)
                0x00002bdc                Serial_::Serial_(USBDeviceClass&)
 .text._ZN7Serial_15enableInterruptEv
                0x00002c38       0x30 c:\Users\GaelHenriquezDevia\OneDrive - Sint-Jozefinstituut Schoten\Documenten\Arduino\Arduino-Wifi-Chatroom\Server\build/core\core.a(CDC.cpp.o)
                0x00002c38                Serial_::enableInterrupt()
 .text.startup._GLOBAL__sub_I__ZN7Serial_12getInterfaceEPh
                0x00002c68       0x14 c:\Users\GaelHenriquezDevia\OneDrive - Sint-Jozefinstituut Schoten\Documenten\Arduino\Arduino-Wifi-Chatroom\Server\build/core\core.a(CDC.cpp.o)
 .text._ZN26DoubleBufferedEPOutHandlerD2Ev
                0x00002c7c        0x2 c:\Users\GaelHenriquezDevia\OneDrive - Sint-Jozefinstituut Schoten\Documenten\Arduino\Arduino-Wifi-Chatroom\Server\build/core\core.a(USBCore.cpp.o)
                0x00002c7c                DoubleBufferedEPOutHandler::~DoubleBufferedEPOutHandler()
                0x00002c7c                DoubleBufferedEPOutHandler::~DoubleBufferedEPOutHandler()
 .text._ZN26DoubleBufferedEPOutHandlerD0Ev
                0x00002c7e        0xc c:\Users\GaelHenriquezDevia\OneDrive - Sint-Jozefinstituut Schoten\Documenten\Arduino\Arduino-Wifi-Chatroom\Server\build/core\core.a(USBCore.cpp.o)
                0x00002c7e                DoubleBufferedEPOutHandler::~DoubleBufferedEPOutHandler()
 *fill*         0x00002c8a        0x2 
 .text._ZN14USBDeviceClass6initEPEmm.part.7
                0x00002c8c       0xc4 c:\Users\GaelHenriquezDevia\OneDrive - Sint-Jozefinstituut Schoten\Documenten\Arduino\Arduino-Wifi-Chatroom\Server\build/core\core.a(USBCore.cpp.o)
 .text._ZN7__GuardC2Ev
                0x00002d50        0xe c:\Users\GaelHenriquezDevia\OneDrive - Sint-Jozefinstituut Schoten\Documenten\Arduino\Arduino-Wifi-Chatroom\Server\build/core\core.a(USBCore.cpp.o)
                0x00002d50                __Guard::__Guard()
                0x00002d50                __Guard::__Guard()
 .text._ZN7__GuardD2Ev
                0x00002d5e        0xe c:\Users\GaelHenriquezDevia\OneDrive - Sint-Jozefinstituut Schoten\Documenten\Arduino\Arduino-Wifi-Chatroom\Server\build/core\core.a(USBCore.cpp.o)
                0x00002d5e                __Guard::~__Guard()
                0x00002d5e                __Guard::~__Guard()
 .text._ZNK26DoubleBufferedEPOutHandler10_availableEv
                0x00002d6c       0x70 c:\Users\GaelHenriquezDevia\OneDrive - Sint-Jozefinstituut Schoten\Documenten\Arduino\Arduino-Wifi-Chatroom\Server\build/core\core.a(USBCore.cpp.o)
                0x00002d6c                DoubleBufferedEPOutHandler::_available() const
 .text._ZN26DoubleBufferedEPOutHandler7releaseEv
                0x00002ddc       0x38 c:\Users\GaelHenriquezDevia\OneDrive - Sint-Jozefinstituut Schoten\Documenten\Arduino\Arduino-Wifi-Chatroom\Server\build/core\core.a(USBCore.cpp.o)
                0x00002ddc                DoubleBufferedEPOutHandler::release()
 .text._ZN26DoubleBufferedEPOutHandler14handleEndpointEv
                0x00002e14       0xe2 c:\Users\GaelHenriquezDevia\OneDrive - Sint-Jozefinstituut Schoten\Documenten\Arduino\Arduino-Wifi-Chatroom\Server\build/core\core.a(USBCore.cpp.o)
                0x00002e14                DoubleBufferedEPOutHandler::handleEndpoint()
 .text._ZN14USBDeviceClass14SendInterfacesEPm
                0x00002ef6       0x20 c:\Users\GaelHenriquezDevia\OneDrive - Sint-Jozefinstituut Schoten\Documenten\Arduino\Arduino-Wifi-Chatroom\Server\build/core\core.a(USBCore.cpp.o)
                0x00002ef6                USBDeviceClass::SendInterfaces(unsigned long*)
 *fill*         0x00002f16        0x2 
 .text._ZN14USBDeviceClass6attachEv
                0x00002f18       0x34 c:\Users\GaelHenriquezDevia\OneDrive - Sint-Jozefinstituut Schoten\Documenten\Arduino\Arduino-Wifi-Chatroom\Server\build/core\core.a(USBCore.cpp.o)
                0x00002f18                USBDeviceClass::attach()
 .text._ZN14USBDeviceClass10setAddressEm
                0x00002f4c       0x48 c:\Users\GaelHenriquezDevia\OneDrive - Sint-Jozefinstituut Schoten\Documenten\Arduino\Arduino-Wifi-Chatroom\Server\build/core\core.a(USBCore.cpp.o)
                0x00002f4c                USBDeviceClass::setAddress(unsigned long)
 .text._ZN14USBDeviceClass25handleClassInterfaceSetupERN7arduino8USBSetupE
                0x00002f94       0x24 c:\Users\GaelHenriquezDevia\OneDrive - Sint-Jozefinstituut Schoten\Documenten\Arduino\Arduino-Wifi-Chatroom\Server\build/core\core.a(USBCore.cpp.o)
                0x00002f94                USBDeviceClass::handleClassInterfaceSetup(arduino::USBSetup&)
 .text._ZN14USBDeviceClass6initEPEmm
                0x00002fb8      0x10c c:\Users\GaelHenriquezDevia\OneDrive - Sint-Jozefinstituut Schoten\Documenten\Arduino\Arduino-Wifi-Chatroom\Server\build/core\core.a(USBCore.cpp.o)
                0x00002fb8                USBDeviceClass::initEP(unsigned long, unsigned long)
 .text._ZN14USBDeviceClass13initEndpointsEv
                0x000030c4       0x24 c:\Users\GaelHenriquezDevia\OneDrive - Sint-Jozefinstituut Schoten\Documenten\Arduino\Arduino-Wifi-Chatroom\Server\build/core\core.a(USBCore.cpp.o)
                0x000030c4                USBDeviceClass::initEndpoints()
 .text._ZN14USBDeviceClass5clearEm
                0x000030e8       0x38 c:\Users\GaelHenriquezDevia\OneDrive - Sint-Jozefinstituut Schoten\Documenten\Arduino\Arduino-Wifi-Chatroom\Server\build/core\core.a(USBCore.cpp.o)
                0x000030e8                USBDeviceClass::clear(unsigned long)
 .text._ZN14USBDeviceClass9availableEm
                0x00003120       0x2c c:\Users\GaelHenriquezDevia\OneDrive - Sint-Jozefinstituut Schoten\Documenten\Arduino\Arduino-Wifi-Chatroom\Server\build/core\core.a(USBCore.cpp.o)
                0x00003120                USBDeviceClass::available(unsigned long)
 .text._ZN14USBDeviceClass5flushEm
                0x0000314c       0x2c c:\Users\GaelHenriquezDevia\OneDrive - Sint-Jozefinstituut Schoten\Documenten\Arduino\Arduino-Wifi-Chatroom\Server\build/core\core.a(USBCore.cpp.o)
                0x0000314c                USBDeviceClass::flush(unsigned long)
 .text._ZN14USBDeviceClass4recvEmPvm
                0x00003178       0xc0 c:\Users\GaelHenriquezDevia\OneDrive - Sint-Jozefinstituut Schoten\Documenten\Arduino\Arduino-Wifi-Chatroom\Server\build/core\core.a(USBCore.cpp.o)
                0x00003178                USBDeviceClass::recv(unsigned long, void*, unsigned long)
 .text._ZN14USBDeviceClass4recvEm
                0x00003238       0x1c c:\Users\GaelHenriquezDevia\OneDrive - Sint-Jozefinstituut Schoten\Documenten\Arduino\Arduino-Wifi-Chatroom\Server\build/core\core.a(USBCore.cpp.o)
                0x00003238                USBDeviceClass::recv(unsigned long)
 .text._ZN14USBDeviceClass14armRecvCtrlOUTEm
                0x00003254       0x5c c:\Users\GaelHenriquezDevia\OneDrive - Sint-Jozefinstituut Schoten\Documenten\Arduino\Arduino-Wifi-Chatroom\Server\build/core\core.a(USBCore.cpp.o)
                0x00003254                USBDeviceClass::armRecvCtrlOUT(unsigned long)
 .text._ZN14USBDeviceClass11recvControlEPvm
                0x000032b0       0x28 c:\Users\GaelHenriquezDevia\OneDrive - Sint-Jozefinstituut Schoten\Documenten\Arduino\Arduino-Wifi-Chatroom\Server\build/core\core.a(USBCore.cpp.o)
                0x000032b0                USBDeviceClass::recvControl(void*, unsigned long)
 .text._ZN14USBDeviceClass4sendEmPKvm
                0x000032d8      0x10c c:\Users\GaelHenriquezDevia\OneDrive - Sint-Jozefinstituut Schoten\Documenten\Arduino\Arduino-Wifi-Chatroom\Server\build/core\core.a(USBCore.cpp.o)
                0x000032d8                USBDeviceClass::send(unsigned long, void const*, unsigned long)
 .text._ZN14USBDeviceClass7armSendEmPKvm
                0x000033e4       0x48 c:\Users\GaelHenriquezDevia\OneDrive - Sint-Jozefinstituut Schoten\Documenten\Arduino\Arduino-Wifi-Chatroom\Server\build/core\core.a(USBCore.cpp.o)
                0x000033e4                USBDeviceClass::armSend(unsigned long, void const*, unsigned long)
 .text._ZN14USBDeviceClass11sendControlEPKvm
                0x0000342c       0x54 c:\Users\GaelHenriquezDevia\OneDrive - Sint-Jozefinstituut Schoten\Documenten\Arduino\Arduino-Wifi-Chatroom\Server\build/core\core.a(USBCore.cpp.o)
                0x0000342c                USBDeviceClass::sendControl(void const*, unsigned long)
 .text._ZN14USBDeviceClass20sendStringDescriptorEPKhm
                0x00003480       0x64 c:\Users\GaelHenriquezDevia\OneDrive - Sint-Jozefinstituut Schoten\Documenten\Arduino\Arduino-Wifi-Chatroom\Server\build/core\core.a(USBCore.cpp.o)
                0x00003480                USBDeviceClass::sendStringDescriptor(unsigned char const*, unsigned long)
 .text._ZN14USBDeviceClass17sendConfigurationEm
                0x000034e4       0x80 c:\Users\GaelHenriquezDevia\OneDrive - Sint-Jozefinstituut Schoten\Documenten\Arduino\Arduino-Wifi-Chatroom\Server\build/core\core.a(USBCore.cpp.o)
                0x000034e4                USBDeviceClass::sendConfiguration(unsigned long)
 .text._ZN14USBDeviceClass14sendDescriptorERN7arduino8USBSetupE
                0x00003564       0xd8 c:\Users\GaelHenriquezDevia\OneDrive - Sint-Jozefinstituut Schoten\Documenten\Arduino\Arduino-Wifi-Chatroom\Server\build/core\core.a(USBCore.cpp.o)
                0x00003564                USBDeviceClass::sendDescriptor(arduino::USBSetup&)
 .text._ZN14USBDeviceClass7sendZlpEm
                0x0000363c       0x18 c:\Users\GaelHenriquezDevia\OneDrive - Sint-Jozefinstituut Schoten\Documenten\Arduino\Arduino-Wifi-Chatroom\Server\build/core\core.a(USBCore.cpp.o)
                0x0000363c                USBDeviceClass::sendZlp(unsigned long)
 .text._ZN14USBDeviceClass19handleStandardSetupERN7arduino8USBSetupE
                0x00003654       0xf0 c:\Users\GaelHenriquezDevia\OneDrive - Sint-Jozefinstituut Schoten\Documenten\Arduino\Arduino-Wifi-Chatroom\Server\build/core\core.a(USBCore.cpp.o)
                0x00003654                USBDeviceClass::handleStandardSetup(arduino::USBSetup&)
 .text._ZN14USBDeviceClass10ISRHandlerEv
                0x00003744      0x108 c:\Users\GaelHenriquezDevia\OneDrive - Sint-Jozefinstituut Schoten\Documenten\Arduino\Arduino-Wifi-Chatroom\Server\build/core\core.a(USBCore.cpp.o)
                0x00003744                USBDeviceClass::ISRHandler()
 .text.UDD_Handler
                0x0000384c       0x10 c:\Users\GaelHenriquezDevia\OneDrive - Sint-Jozefinstituut Schoten\Documenten\Arduino\Arduino-Wifi-Chatroom\Server\build/core\core.a(USBCore.cpp.o)
                0x0000384c                UDD_Handler
 .text._ZN7arduino13PluggableUSB_C2Ev
                0x0000385c       0x10 c:\Users\GaelHenriquezDevia\OneDrive - Sint-Jozefinstituut Schoten\Documenten\Arduino\Arduino-Wifi-Chatroom\Server\build/core\core.a(USBCore.cpp.o)
                0x0000385c                arduino::PluggableUSB_::PluggableUSB_()
                0x0000385c                arduino::PluggableUSB_::PluggableUSB_()
 .text._Z8epBufferj
                0x0000386c        0xc c:\Users\GaelHenriquezDevia\OneDrive - Sint-Jozefinstituut Schoten\Documenten\Arduino\Arduino-Wifi-Chatroom\Server\build/core\core.a(USBCore.cpp.o)
                0x0000386c                epBuffer(unsigned int)
 .text._ZN7arduino11RingBufferNILi64EE10store_charEh
                0x00003878       0x1c c:\Users\GaelHenriquezDevia\OneDrive - Sint-Jozefinstituut Schoten\Documenten\Arduino\Arduino-Wifi-Chatroom\Server\build/core\core.a(USBCore.cpp.o)
                0x00003878                arduino::RingBufferN<64>::store_char(unsigned char)
 .text._ZN26DoubleBufferedEPOutHandler5_recvEv
                0x00003894      0x15e c:\Users\GaelHenriquezDevia\OneDrive - Sint-Jozefinstituut Schoten\Documenten\Arduino\Arduino-Wifi-Chatroom\Server\build/core\core.a(USBCore.cpp.o)
                0x00003894                DoubleBufferedEPOutHandler::_recv()
 .text._ZN26DoubleBufferedEPOutHandler9availableEv
                0x000039f2        0xc c:\Users\GaelHenriquezDevia\OneDrive - Sint-Jozefinstituut Schoten\Documenten\Arduino\Arduino-Wifi-Chatroom\Server\build/core\core.a(USBCore.cpp.o)
                0x000039f2                DoubleBufferedEPOutHandler::available()
 .text._ZN26DoubleBufferedEPOutHandler4peekEv
                0x000039fe       0x1c c:\Users\GaelHenriquezDevia\OneDrive - Sint-Jozefinstituut Schoten\Documenten\Arduino\Arduino-Wifi-Chatroom\Server\build/core\core.a(USBCore.cpp.o)
                0x000039fe                DoubleBufferedEPOutHandler::peek()
 .text._ZN26DoubleBufferedEPOutHandler4recvEPvm
                0x00003a1a       0x60 c:\Users\GaelHenriquezDevia\OneDrive - Sint-Jozefinstituut Schoten\Documenten\Arduino\Arduino-Wifi-Chatroom\Server\build/core\core.a(USBCore.cpp.o)
                0x00003a1a                DoubleBufferedEPOutHandler::recv(void*, unsigned long)
 *fill*         0x00003a7a        0x2 
 .text.startup._GLOBAL__sub_I_usbd
                0x00003a7c       0x10 c:\Users\GaelHenriquezDevia\OneDrive - Sint-Jozefinstituut Schoten\Documenten\Arduino\Arduino-Wifi-Chatroom\Server\build/core\core.a(USBCore.cpp.o)
 .text._ZN14USBDeviceClass4initEv
                0x00003a8c      0x15c c:\Users\GaelHenriquezDevia\OneDrive - Sint-Jozefinstituut Schoten\Documenten\Arduino\Arduino-Wifi-Chatroom\Server\build/core\core.a(USBCore.cpp.o)
                0x00003a8c                USBDeviceClass::init()
 .text._ZN4UartcvbEv
                0x00003be8        0x4 c:\Users\GaelHenriquezDevia\OneDrive - Sint-Jozefinstituut Schoten\Documenten\Arduino\Arduino-Wifi-Chatroom\Server\build/core\core.a(Uart.cpp.o)
                0x00003be8                Uart::operator bool()
 .text._ZN4Uart5beginEm
                0x00003bec       0x10 c:\Users\GaelHenriquezDevia\OneDrive - Sint-Jozefinstituut Schoten\Documenten\Arduino\Arduino-Wifi-Chatroom\Server\build/core\core.a(Uart.cpp.o)
                0x00003bec                Uart::begin(unsigned long)
 .text._ZN4Uart9availableEv
                0x00003bfc        0x6 c:\Users\GaelHenriquezDevia\OneDrive - Sint-Jozefinstituut Schoten\Documenten\Arduino\Arduino-Wifi-Chatroom\Server\build/core\core.a(Uart.cpp.o)
                0x00003bfc                Uart::available()
 .text._ZN4Uart17availableForWriteEv
                0x00003c02       0x10 c:\Users\GaelHenriquezDevia\OneDrive - Sint-Jozefinstituut Schoten\Documenten\Arduino\Arduino-Wifi-Chatroom\Server\build/core\core.a(Uart.cpp.o)
                0x00003c02                Uart::availableForWrite()
 .text._ZN4Uart4peekEv
                0x00003c12       0x18 c:\Users\GaelHenriquezDevia\OneDrive - Sint-Jozefinstituut Schoten\Documenten\Arduino\Arduino-Wifi-Chatroom\Server\build/core\core.a(Uart.cpp.o)
                0x00003c12                Uart::peek()
 .text._ZN4Uart3endEv
                0x00003c2a       0x24 c:\Users\GaelHenriquezDevia\OneDrive - Sint-Jozefinstituut Schoten\Documenten\Arduino\Arduino-Wifi-Chatroom\Server\build/core\core.a(Uart.cpp.o)
                0x00003c2a                Uart::end()
 .text._ZN4Uart5flushEv
                0x00003c4e       0x16 c:\Users\GaelHenriquezDevia\OneDrive - Sint-Jozefinstituut Schoten\Documenten\Arduino\Arduino-Wifi-Chatroom\Server\build/core\core.a(Uart.cpp.o)
                0x00003c4e                Uart::flush()
 .text._ZN4Uart16extractNbStopBitEt
                0x00003c64        0xc c:\Users\GaelHenriquezDevia\OneDrive - Sint-Jozefinstituut Schoten\Documenten\Arduino\Arduino-Wifi-Chatroom\Server\build/core\core.a(Uart.cpp.o)
                0x00003c64                Uart::extractNbStopBit(unsigned short)
 .text._ZN4Uart15extractCharSizeEt
                0x00003c70       0x28 c:\Users\GaelHenriquezDevia\OneDrive - Sint-Jozefinstituut Schoten\Documenten\Arduino\Arduino-Wifi-Chatroom\Server\build/core\core.a(Uart.cpp.o)
                0x00003c70                Uart::extractCharSize(unsigned short)
 .text._ZN4Uart13extractParityEt
                0x00003c98       0x14 c:\Users\GaelHenriquezDevia\OneDrive - Sint-Jozefinstituut Schoten\Documenten\Arduino\Arduino-Wifi-Chatroom\Server\build/core\core.a(Uart.cpp.o)
                0x00003c98                Uart::extractParity(unsigned short)
 .text._ZN4Uart5beginEmt
                0x00003cac       0xf8 c:\Users\GaelHenriquezDevia\OneDrive - Sint-Jozefinstituut Schoten\Documenten\Arduino\Arduino-Wifi-Chatroom\Server\build/core\core.a(Uart.cpp.o)
                0x00003cac                Uart::begin(unsigned long, unsigned short)
 .text._ZN7arduino11RingBufferNILi256EEC2Ev
                0x00003da4       0x1e c:\Users\GaelHenriquezDevia\OneDrive - Sint-Jozefinstituut Schoten\Documenten\Arduino\Arduino-Wifi-Chatroom\Server\build/core\core.a(Uart.cpp.o)
                0x00003da4                arduino::RingBufferN<256>::RingBufferN()
                0x00003da4                arduino::RingBufferN<256>::RingBufferN()
 *fill*         0x00003dc2        0x2 
 .text._ZN4UartC2EP6SERCOMhh11SercomRXPad15SercomUartTXPadhh
                0x00003dc4       0x88 c:\Users\GaelHenriquezDevia\OneDrive - Sint-Jozefinstituut Schoten\Documenten\Arduino\Arduino-Wifi-Chatroom\Server\build/core\core.a(Uart.cpp.o)
                0x00003dc4                Uart::Uart(SERCOM*, unsigned char, unsigned char, SercomRXPad, SercomUartTXPad, unsigned char, unsigned char)
                0x00003dc4                Uart::Uart(SERCOM*, unsigned char, unsigned char, SercomRXPad, SercomUartTXPad, unsigned char, unsigned char)
 .text._ZN4UartC2EP6SERCOMhh11SercomRXPad15SercomUartTXPad
                0x00003e4c       0x74 c:\Users\GaelHenriquezDevia\OneDrive - Sint-Jozefinstituut Schoten\Documenten\Arduino\Arduino-Wifi-Chatroom\Server\build/core\core.a(Uart.cpp.o)
                0x00003e4c                Uart::Uart(SERCOM*, unsigned char, unsigned char, SercomRXPad, SercomUartTXPad)
                0x00003e4c                Uart::Uart(SERCOM*, unsigned char, unsigned char, SercomRXPad, SercomUartTXPad)
 .text._ZN7arduino15SafeRingBufferNILi256EE10store_charEh
                0x00003ec0       0x4a c:\Users\GaelHenriquezDevia\OneDrive - Sint-Jozefinstituut Schoten\Documenten\Arduino\Arduino-Wifi-Chatroom\Server\build/core\core.a(Uart.cpp.o)
                0x00003ec0                arduino::SafeRingBufferN<256>::store_char(unsigned char)
 .text._ZN7arduino15SafeRingBufferNILi256EE9read_charEv
                0x00003f0a       0x50 c:\Users\GaelHenriquezDevia\OneDrive - Sint-Jozefinstituut Schoten\Documenten\Arduino\Arduino-Wifi-Chatroom\Server\build/core\core.a(Uart.cpp.o)
                0x00003f0a                arduino::SafeRingBufferN<256>::read_char()
 .text._ZN4Uart10IrqHandlerEv
                0x00003f5a       0xa4 c:\Users\GaelHenriquezDevia\OneDrive - Sint-Jozefinstituut Schoten\Documenten\Arduino\Arduino-Wifi-Chatroom\Server\build/core\core.a(Uart.cpp.o)
                0x00003f5a                Uart::IrqHandler()
 *fill*         0x00003ffe        0x2 
 .text._ZN4Uart5writeEh
                0x00004000       0x9c c:\Users\GaelHenriquezDevia\OneDrive - Sint-Jozefinstituut Schoten\Documenten\Arduino\Arduino-Wifi-Chatroom\Server\build/core\core.a(Uart.cpp.o)
                0x00004000                Uart::write(unsigned char)
 .text._ZN4Uart4readEv
                0x0000409c       0x34 c:\Users\GaelHenriquezDevia\OneDrive - Sint-Jozefinstituut Schoten\Documenten\Arduino\Arduino-Wifi-Chatroom\Server\build/core\core.a(Uart.cpp.o)
                0x0000409c                Uart::read()
 .text._ZNK7arduino9IPAddress7printToERNS_5PrintE
                0x000040d0      0x160 c:\Users\GaelHenriquezDevia\OneDrive - Sint-Jozefinstituut Schoten\Documenten\Arduino\Arduino-Wifi-Chatroom\Server\build/core\core.a(IPAddress.cpp.o)
                0x000040d0                arduino::IPAddress::printTo(arduino::Print&) const
 .text._ZN7arduino9IPAddressC2ENS_6IPTypeE
                0x00004230       0x20 c:\Users\GaelHenriquezDevia\OneDrive - Sint-Jozefinstituut Schoten\Documenten\Arduino\Arduino-Wifi-Chatroom\Server\build/core\core.a(IPAddress.cpp.o)
                0x00004230                arduino::IPAddress::IPAddress(arduino::IPType)
                0x00004230                arduino::IPAddress::IPAddress(arduino::IPType)
 .text._ZN7arduino9IPAddressC2Ehhhh
                0x00004250       0x38 c:\Users\GaelHenriquezDevia\OneDrive - Sint-Jozefinstituut Schoten\Documenten\Arduino\Arduino-Wifi-Chatroom\Server\build/core\core.a(IPAddress.cpp.o)
                0x00004250                arduino::IPAddress::IPAddress(unsigned char, unsigned char, unsigned char, unsigned char)
                0x00004250                arduino::IPAddress::IPAddress(unsigned char, unsigned char, unsigned char, unsigned char)
 .text.startup._GLOBAL__sub_I__ZN7arduino9IPAddressC2Ev
                0x00004288       0x24 c:\Users\GaelHenriquezDevia\OneDrive - Sint-Jozefinstituut Schoten\Documenten\Arduino\Arduino-Wifi-Chatroom\Server\build/core\core.a(IPAddress.cpp.o)
 .text._ZN7arduino13PluggableUSB_12getInterfaceEPh
                0x000042ac       0x28 c:\Users\GaelHenriquezDevia\OneDrive - Sint-Jozefinstituut Schoten\Documenten\Arduino\Arduino-Wifi-Chatroom\Server\build/core\core.a(PluggableUSB.cpp.o)
                0x000042ac                arduino::PluggableUSB_::getInterface(unsigned char*)
 .text._ZN7arduino13PluggableUSB_13getDescriptorERNS_8USBSetupE
                0x000042d4       0x20 c:\Users\GaelHenriquezDevia\OneDrive - Sint-Jozefinstituut Schoten\Documenten\Arduino\Arduino-Wifi-Chatroom\Server\build/core\core.a(PluggableUSB.cpp.o)
                0x000042d4                arduino::PluggableUSB_::getDescriptor(arduino::USBSetup&)
 .text._ZN7arduino13PluggableUSB_12getShortNameEPc
                0x000042f4       0x1e c:\Users\GaelHenriquezDevia\OneDrive - Sint-Jozefinstituut Schoten\Documenten\Arduino\Arduino-Wifi-Chatroom\Server\build/core\core.a(PluggableUSB.cpp.o)
                0x000042f4                arduino::PluggableUSB_::getShortName(char*)
 .text._ZN7arduino13PluggableUSB_5setupERNS_8USBSetupE
                0x00004312       0x20 c:\Users\GaelHenriquezDevia\OneDrive - Sint-Jozefinstituut Schoten\Documenten\Arduino\Arduino-Wifi-Chatroom\Server\build/core\core.a(PluggableUSB.cpp.o)
                0x00004312                arduino::PluggableUSB_::setup(arduino::USBSetup&)
 .text._ZN7arduino13PluggableUSB_4plugEPNS_18PluggableUSBModuleE
                0x00004332       0x5c c:\Users\GaelHenriquezDevia\OneDrive - Sint-Jozefinstituut Schoten\Documenten\Arduino\Arduino-Wifi-Chatroom\Server\build/core\core.a(PluggableUSB.cpp.o)
                0x00004332                arduino::PluggableUSB_::plug(arduino::PluggableUSBModule*)
 *fill*         0x0000438e        0x2 
 .text._Z12PluggableUSBv
                0x00004390       0x24 c:\Users\GaelHenriquezDevia\OneDrive - Sint-Jozefinstituut Schoten\Documenten\Arduino\Arduino-Wifi-Chatroom\Server\build/core\core.a(PluggableUSB.cpp.o)
                0x00004390                PluggableUSB()
 .text._ZN7arduino5Print5writeEPKhj
                0x000043b4       0x28 c:\Users\GaelHenriquezDevia\OneDrive - Sint-Jozefinstituut Schoten\Documenten\Arduino\Arduino-Wifi-Chatroom\Server\build/core\core.a(Print.cpp.o)
                0x000043b4                arduino::Print::write(unsigned char const*, unsigned int)
 .text._ZN7arduino5Print5writeEPKc.part.2
                0x000043dc       0x1a c:\Users\GaelHenriquezDevia\OneDrive - Sint-Jozefinstituut Schoten\Documenten\Arduino\Arduino-Wifi-Chatroom\Server\build/core\core.a(Print.cpp.o)
 .text._ZN7arduino5Print5writeEPKc
                0x000043f6       0x10 c:\Users\GaelHenriquezDevia\OneDrive - Sint-Jozefinstituut Schoten\Documenten\Arduino\Arduino-Wifi-Chatroom\Server\build/core\core.a(Print.cpp.o)
                0x000043f6                arduino::Print::write(char const*)
 .text._ZN7arduino5Print5printEc
                0x00004406        0xa c:\Users\GaelHenriquezDevia\OneDrive - Sint-Jozefinstituut Schoten\Documenten\Arduino\Arduino-Wifi-Chatroom\Server\build/core\core.a(Print.cpp.o)
                0x00004406                arduino::Print::print(char)
 .text._ZN7arduino5Print11printNumberEmh
                0x00004410       0x48 c:\Users\GaelHenriquezDevia\OneDrive - Sint-Jozefinstituut Schoten\Documenten\Arduino\Arduino-Wifi-Chatroom\Server\build/core\core.a(Print.cpp.o)
                0x00004410                arduino::Print::printNumber(unsigned long, unsigned char)
 .text._ZN7arduino5Print5printEmi
                0x00004458       0x18 c:\Users\GaelHenriquezDevia\OneDrive - Sint-Jozefinstituut Schoten\Documenten\Arduino\Arduino-Wifi-Chatroom\Server\build/core\core.a(Print.cpp.o)
                0x00004458                arduino::Print::print(unsigned long, int)
 .text._ZN7arduino5Print5printEhi
                0x00004470        0x8 c:\Users\GaelHenriquezDevia\OneDrive - Sint-Jozefinstituut Schoten\Documenten\Arduino\Arduino-Wifi-Chatroom\Server\build/core\core.a(Print.cpp.o)
                0x00004470                arduino::Print::print(unsigned char, int)
 .text.Dummy_Handler
                0x00004478        0x2 c:\Users\GaelHenriquezDevia\OneDrive - Sint-Jozefinstituut Schoten\Documenten\Arduino\Arduino-Wifi-Chatroom\Server\build/core\core.a(cortex_handlers.c.o)
                0x00004478                DMAC_Handler
                0x00004478                HardFault_Handler
                0x00004478                AC_Handler
                0x00004478                PendSV_Handler
                0x00004478                NMI_Handler
                0x00004478                TC7_Handler
                0x00004478                SERCOM1_Handler
                0x00004478                ADC_Handler
                0x00004478                TCC1_Handler
                0x00004478                TCC0_Handler
                0x00004478                RTC_Handler
                0x00004478                EIC_Handler
                0x00004478                TC6_Handler
                0x00004478                WDT_Handler
                0x00004478                TC4_Handler
                0x00004478                TC3_Handler
                0x00004478                Dummy_Handler
                0x00004478                PM_Handler
                0x00004478                SVC_Handler
                0x00004478                TCC2_Handler
                0x00004478                EVSYS_Handler
                0x00004478                SERCOM4_Handler
                0x00004478                I2S_Handler
                0x00004478                NVMCTRL_Handler
                0x00004478                SERCOM0_Handler
                0x00004478                DAC_Handler
                0x00004478                PTC_Handler
                0x00004478                SYSCTRL_Handler
 *fill*         0x0000447a        0x2 
 .text.USB_Handler
                0x0000447c       0x14 c:\Users\GaelHenriquezDevia\OneDrive - Sint-Jozefinstituut Schoten\Documenten\Arduino\Arduino-Wifi-Chatroom\Server\build/core\core.a(cortex_handlers.c.o)
                0x0000447c                USB_Handler
 .text.Reset_Handler
                0x00004490       0x54 c:\Users\GaelHenriquezDevia\OneDrive - Sint-Jozefinstituut Schoten\Documenten\Arduino\Arduino-Wifi-Chatroom\Server\build/core\core.a(cortex_handlers.c.o)
                0x00004490                Reset_Handler
 .text.SysTick_Handler
                0x000044e4       0x10 c:\Users\GaelHenriquezDevia\OneDrive - Sint-Jozefinstituut Schoten\Documenten\Arduino\Arduino-Wifi-Chatroom\Server\build/core\core.a(cortex_handlers.c.o)
                0x000044e4                SysTick_Handler
 .text.USB_SetHandler
                0x000044f4        0xc c:\Users\GaelHenriquezDevia\OneDrive - Sint-Jozefinstituut Schoten\Documenten\Arduino\Arduino-Wifi-Chatroom\Server\build/core\core.a(cortex_handlers.c.o)
                0x000044f4                USB_SetHandler
 .text.millis   0x00004500        0xc c:\Users\GaelHenriquezDevia\OneDrive - Sint-Jozefinstituut Schoten\Documenten\Arduino\Arduino-Wifi-Chatroom\Server\build/core\core.a(delay.c.o)
                0x00004500                millis
 .text.micros   0x0000450c       0x60 c:\Users\GaelHenriquezDevia\OneDrive - Sint-Jozefinstituut Schoten\Documenten\Arduino\Arduino-Wifi-Chatroom\Server\build/core\core.a(delay.c.o)
                0x0000450c                micros
 .text.delay    0x0000456c       0x30 c:\Users\GaelHenriquezDevia\OneDrive - Sint-Jozefinstituut Schoten\Documenten\Arduino\Arduino-Wifi-Chatroom\Server\build/core\core.a(delay.c.o)
                0x0000456c                delay
 .text.SysTick_DefaultHandler
                0x0000459c       0x14 c:\Users\GaelHenriquezDevia\OneDrive - Sint-Jozefinstituut Schoten\Documenten\Arduino\Arduino-Wifi-Chatroom\Server\build/core\core.a(delay.c.o)
                0x0000459c                SysTick_DefaultHandler
 .text.__empty  0x000045b0        0x2 c:\Users\GaelHenriquezDevia\OneDrive - Sint-Jozefinstituut Schoten\Documenten\Arduino\Arduino-Wifi-Chatroom\Server\build/core\core.a(hooks.c.o)
                0x000045b0                yield
 .text.__false  0x000045b2        0x4 c:\Users\GaelHenriquezDevia\OneDrive - Sint-Jozefinstituut Schoten\Documenten\Arduino\Arduino-Wifi-Chatroom\Server\build/core\core.a(hooks.c.o)
                0x000045b2                sysTickHook
 *fill*         0x000045b6        0x2 
 .text.startup.main
                0x000045b8       0x40 c:\Users\GaelHenriquezDevia\OneDrive - Sint-Jozefinstituut Schoten\Documenten\Arduino\Arduino-Wifi-Chatroom\Server\build/core\core.a(main.cpp.o)
                0x000045b8                main
 .text._Znwj    0x000045f8        0x8 c:\Users\GaelHenriquezDevia\OneDrive - Sint-Jozefinstituut Schoten\Documenten\Arduino\Arduino-Wifi-Chatroom\Server\build/core\core.a(new.cpp.o)
                0x000045f8                operator new(unsigned int)
 .text._ZdlPv   0x00004600        0x8 c:\Users\GaelHenriquezDevia\OneDrive - Sint-Jozefinstituut Schoten\Documenten\Arduino\Arduino-Wifi-Chatroom\Server\build/core\core.a(new.cpp.o)
                0x00004600                operator delete(void*)
 .text.SystemInit
                0x00004608      0x194 c:\Users\GaelHenriquezDevia\OneDrive - Sint-Jozefinstituut Schoten\Documenten\Arduino\Arduino-Wifi-Chatroom\Server\build/core\core.a(startup.c.o)
                0x00004608                SystemInit
 .text.init     0x0000479c       0xf0 c:\Users\GaelHenriquezDevia\OneDrive - Sint-Jozefinstituut Schoten\Documenten\Arduino\Arduino-Wifi-Chatroom\Server\build/core\core.a(wiring.c.o)
                0x0000479c                init
 .text.analogReference
                0x0000488c       0x64 c:\Users\GaelHenriquezDevia\OneDrive - Sint-Jozefinstituut Schoten\Documenten\Arduino\Arduino-Wifi-Chatroom\Server\build/core\core.a(wiring_analog.c.o)
                0x0000488c                analogReference
 .text.pinMode  0x000048f0       0x98 c:\Users\GaelHenriquezDevia\OneDrive - Sint-Jozefinstituut Schoten\Documenten\Arduino\Arduino-Wifi-Chatroom\Server\build/core\core.a(wiring_digital.c.o)
                0x000048f0                pinMode
 .text.digitalWrite
                0x00004988       0x58 c:\Users\GaelHenriquezDevia\OneDrive - Sint-Jozefinstituut Schoten\Documenten\Arduino\Arduino-Wifi-Chatroom\Server\build/core\core.a(wiring_digital.c.o)
                0x00004988                digitalWrite
 .text.pinPeripheral
                0x000049e0       0xc0 c:\Users\GaelHenriquezDevia\OneDrive - Sint-Jozefinstituut Schoten\Documenten\Arduino\Arduino-Wifi-Chatroom\Server\build/core\core.a(wiring_private.c.o)
                0x000049e0                pinPeripheral
 .text.initiateReset
                0x00004aa0       0x14 c:\Users\GaelHenriquezDevia\OneDrive - Sint-Jozefinstituut Schoten\Documenten\Arduino\Arduino-Wifi-Chatroom\Server\build/core\core.a(Reset.cpp.o)
                0x00004aa0                initiateReset
 .text.cancelReset
                0x00004ab4       0x10 c:\Users\GaelHenriquezDevia\OneDrive - Sint-Jozefinstituut Schoten\Documenten\Arduino\Arduino-Wifi-Chatroom\Server\build/core\core.a(Reset.cpp.o)
                0x00004ab4                cancelReset
 .text.tickReset
                0x00004ac4       0x78 c:\Users\GaelHenriquezDevia\OneDrive - Sint-Jozefinstituut Schoten\Documenten\Arduino\Arduino-Wifi-Chatroom\Server\build/core\core.a(Reset.cpp.o)
                0x00004ac4                tickReset
 .text.__aeabi_atexit
                0x00004b3c        0xe c:/users/gaelhenriquezdevia/appdata/local/arduino15/packages/arduino/tools/arm-none-eabi-gcc/7-2017q4/bin/../lib/gcc/arm-none-eabi/7.2.1/../../../../arm-none-eabi/lib/thumb/v6-m\libstdc++_nano.a(atexit_arm.o)
                0x00004b3c                __aeabi_atexit
 *fill*         0x00004b4a        0x2 
 .text          0x00004b4c       0x14 c:/users/gaelhenriquezdevia/appdata/local/arduino15/packages/arduino/tools/arm-none-eabi-gcc/7-2017q4/bin/../lib/gcc/arm-none-eabi/7.2.1/thumb/v6-m\libgcc.a(_thumb1_case_uqi.o)
                0x00004b4c                __gnu_thumb1_case_uqi
 .text          0x00004b60      0x114 c:/users/gaelhenriquezdevia/appdata/local/arduino15/packages/arduino/tools/arm-none-eabi-gcc/7-2017q4/bin/../lib/gcc/arm-none-eabi/7.2.1/thumb/v6-m\libgcc.a(_udivsi3.o)
                0x00004b60                __aeabi_uidiv
                0x00004b60                __udivsi3
                0x00004c6c                __aeabi_uidivmod
 .text          0x00004c74        0x4 c:/users/gaelhenriquezdevia/appdata/local/arduino15/packages/arduino/tools/arm-none-eabi-gcc/7-2017q4/bin/../lib/gcc/arm-none-eabi/7.2.1/thumb/v6-m\libgcc.a(_dvmd_tls.o)
                0x00004c74                __aeabi_idiv0
                0x00004c74                __aeabi_ldiv0
 .text.__cxa_atexit
                0x00004c78       0x1c c:/users/gaelhenriquezdevia/appdata/local/arduino15/packages/arduino/tools/arm-none-eabi-gcc/7-2017q4/bin/../lib/gcc/arm-none-eabi/7.2.1/../../../../arm-none-eabi/lib/thumb/v6-m\libc_nano.a(lib_a-cxa_atexit.o)
                0x00004c78                __cxa_atexit
 .text.__libc_init_array
                0x00004c94       0x48 c:/users/gaelhenriquezdevia/appdata/local/arduino15/packages/arduino/tools/arm-none-eabi-gcc/7-2017q4/bin/../lib/gcc/arm-none-eabi/7.2.1/../../../../arm-none-eabi/lib/thumb/v6-m\libc_nano.a(lib_a-init.o)
                0x00004c94                __libc_init_array
 .text.malloc   0x00004cdc       0x14 c:/users/gaelhenriquezdevia/appdata/local/arduino15/packages/arduino/tools/arm-none-eabi-gcc/7-2017q4/bin/../lib/gcc/arm-none-eabi/7.2.1/../../../../arm-none-eabi/lib/thumb/v6-m\libc_nano.a(lib_a-malloc.o)
                0x00004cdc                malloc
 .text.free     0x00004cf0       0x14 c:/users/gaelhenriquezdevia/appdata/local/arduino15/packages/arduino/tools/arm-none-eabi-gcc/7-2017q4/bin/../lib/gcc/arm-none-eabi/7.2.1/../../../../arm-none-eabi/lib/thumb/v6-m\libc_nano.a(lib_a-malloc.o)
                0x00004cf0                free
 .text.memcpy   0x00004d04       0x12 c:/users/gaelhenriquezdevia/appdata/local/arduino15/packages/arduino/tools/arm-none-eabi-gcc/7-2017q4/bin/../lib/gcc/arm-none-eabi/7.2.1/../../../../arm-none-eabi/lib/thumb/v6-m\libc_nano.a(lib_a-memcpy-stub.o)
                0x00004d04                memcpy
 .text.memset   0x00004d16       0x10 c:/users/gaelhenriquezdevia/appdata/local/arduino15/packages/arduino/tools/arm-none-eabi-gcc/7-2017q4/bin/../lib/gcc/arm-none-eabi/7.2.1/../../../../arm-none-eabi/lib/thumb/v6-m\libc_nano.a(lib_a-memset.o)
                0x00004d16                memset
 *fill*         0x00004d26        0x2 
 .text._free_r  0x00004d28       0x94 c:/users/gaelhenriquezdevia/appdata/local/arduino15/packages/arduino/tools/arm-none-eabi-gcc/7-2017q4/bin/../lib/gcc/arm-none-eabi/7.2.1/../../../../arm-none-eabi/lib/thumb/v6-m\libc_nano.a(lib_a-nano-freer.o)
                0x00004d28                _free_r
 .text._malloc_r
                0x00004dbc       0xbc c:/users/gaelhenriquezdevia/appdata/local/arduino15/packages/arduino/tools/arm-none-eabi-gcc/7-2017q4/bin/../lib/gcc/arm-none-eabi/7.2.1/../../../../arm-none-eabi/lib/thumb/v6-m\libc_nano.a(lib_a-nano-mallocr.o)
                0x00004dbc                _malloc_r
 .text._sbrk_r  0x00004e78       0x24 c:/users/gaelhenriquezdevia/appdata/local/arduino15/packages/arduino/tools/arm-none-eabi-gcc/7-2017q4/bin/../lib/gcc/arm-none-eabi/7.2.1/../../../../arm-none-eabi/lib/thumb/v6-m\libc_nano.a(lib_a-sbrkr.o)
                0x00004e78                _sbrk_r
 .text          0x00004e9c        0xe c:/users/gaelhenriquezdevia/appdata/local/arduino15/packages/arduino/tools/arm-none-eabi-gcc/7-2017q4/bin/../lib/gcc/arm-none-eabi/7.2.1/../../../../arm-none-eabi/lib/thumb/v6-m\libc_nano.a(lib_a-strlen.o)
                0x00004e9c                strlen
 .text.__malloc_lock
                0x00004eaa        0x2 c:/users/gaelhenriquezdevia/appdata/local/arduino15/packages/arduino/tools/arm-none-eabi-gcc/7-2017q4/bin/../lib/gcc/arm-none-eabi/7.2.1/../../../../arm-none-eabi/lib/thumb/v6-m\libc_nano.a(lib_a-mlock.o)
                0x00004eaa                __malloc_lock
 .text.__malloc_unlock
                0x00004eac        0x2 c:/users/gaelhenriquezdevia/appdata/local/arduino15/packages/arduino/tools/arm-none-eabi-gcc/7-2017q4/bin/../lib/gcc/arm-none-eabi/7.2.1/../../../../arm-none-eabi/lib/thumb/v6-m\libc_nano.a(lib_a-mlock.o)
                0x00004eac                __malloc_unlock
 *fill*         0x00004eae        0x2 
 .text._sbrk    0x00004eb0       0x1c c:/users/gaelhenriquezdevia/appdata/local/arduino15/packages/arduino/tools/arm-none-eabi-gcc/7-2017q4/bin/../lib/gcc/arm-none-eabi/7.2.1/../../../../arm-none-eabi/lib/thumb/v6-m\libnosys.a(sbrk.o)
                0x00004eb0                _sbrk
 *(.init)
 .init          0x00004ecc        0x4 c:/users/gaelhenriquezdevia/appdata/local/arduino15/packages/arduino/tools/arm-none-eabi-gcc/7-2017q4/bin/../lib/gcc/arm-none-eabi/7.2.1/thumb/v6-m/crti.o
                0x00004ecc                _init
 .init          0x00004ed0        0x8 c:/users/gaelhenriquezdevia/appdata/local/arduino15/packages/arduino/tools/arm-none-eabi-gcc/7-2017q4/bin/../lib/gcc/arm-none-eabi/7.2.1/thumb/v6-m/crtn.o
 *(.fini)
 .fini          0x00004ed8        0x4 c:/users/gaelhenriquezdevia/appdata/local/arduino15/packages/arduino/tools/arm-none-eabi-gcc/7-2017q4/bin/../lib/gcc/arm-none-eabi/7.2.1/thumb/v6-m/crti.o
                0x00004ed8                _fini
 .fini          0x00004edc        0x8 c:/users/gaelhenriquezdevia/appdata/local/arduino15/packages/arduino/tools/arm-none-eabi-gcc/7-2017q4/bin/../lib/gcc/arm-none-eabi/7.2.1/thumb/v6-m/crtn.o
 *crtbegin.o(.ctors)
 *crtbegin?.o(.ctors)
 *(EXCLUDE_FILE(*crtend.o *crtend?.o) .ctors)
 *(SORT_BY_NAME(.ctors.*))
 *(.ctors)
 *crtbegin.o(.dtors)
 *crtbegin?.o(.dtors)
 *(EXCLUDE_FILE(*crtend.o *crtend?.o) .dtors)
 *(SORT_BY_NAME(.dtors.*))
 *(.dtors)
 *(.rodata*)
 .rodata.CSWTCH.24
                0x00004ee4        0x3 c:\Users\GaelHenriquezDevia\OneDrive - Sint-Jozefinstituut Schoten\Documenten\Arduino\Arduino-Wifi-Chatroom\Server\build\libraries\SPI\SPI.cpp.o
 *fill*         0x00004ee7        0x1 
 .rodata._ZTV12SPIClassSAMD
                0x00004ee8       0x3c c:\Users\GaelHenriquezDevia\OneDrive - Sint-Jozefinstituut Schoten\Documenten\Arduino\Arduino-Wifi-Chatroom\Server\build\libraries\SPI\SPI.cpp.o
                0x00004ee8                vtable for SPIClassSAMD
 .rodata.g_APinDescription
                0x00004f24      0x318 c:\Users\GaelHenriquezDevia\OneDrive - Sint-Jozefinstituut Schoten\Documenten\Arduino\Arduino-Wifi-Chatroom\Server\build\core\variant.cpp.o
                0x00004f24                g_APinDescription
 .rodata        0x0000523c        0x8 c:\Users\GaelHenriquezDevia\OneDrive - Sint-Jozefinstituut Schoten\Documenten\Arduino\Arduino-Wifi-Chatroom\Server\build/core\core.a(CDC.cpp.o)
 .rodata._ZTV7Serial_
                0x00005244       0x60 c:\Users\GaelHenriquezDevia\OneDrive - Sint-Jozefinstituut Schoten\Documenten\Arduino\Arduino-Wifi-Chatroom\Server\build/core\core.a(CDC.cpp.o)
                0x00005244                vtable for Serial_
 .rodata._ZTV26DoubleBufferedEPOutHandler
                0x000052a4       0x24 c:\Users\GaelHenriquezDevia\OneDrive - Sint-Jozefinstituut Schoten\Documenten\Arduino\Arduino-Wifi-Chatroom\Server\build/core\core.a(USBCore.cpp.o)
                0x000052a4                vtable for DoubleBufferedEPOutHandler
 .rodata._ZL14STRING_PRODUCT
                0x000052c8       0x14 c:\Users\GaelHenriquezDevia\OneDrive - Sint-Jozefinstituut Schoten\Documenten\Arduino\Arduino-Wifi-Chatroom\Server\build/core\core.a(USBCore.cpp.o)
 .rodata._ZL15STRING_LANGUAGE
                0x000052dc        0x4 c:\Users\GaelHenriquezDevia\OneDrive - Sint-Jozefinstituut Schoten\Documenten\Arduino\Arduino-Wifi-Chatroom\Server\build/core\core.a(USBCore.cpp.o)
 .rodata._ZL19STRING_MANUFACTURER
                0x000052e0        0xc c:\Users\GaelHenriquezDevia\OneDrive - Sint-Jozefinstituut Schoten\Documenten\Arduino\Arduino-Wifi-Chatroom\Server\build/core\core.a(USBCore.cpp.o)
 .rodata._ZL21USB_DeviceDescriptorB
                0x000052ec       0x12 c:\Users\GaelHenriquezDevia\OneDrive - Sint-Jozefinstituut Schoten\Documenten\Arduino\Arduino-Wifi-Chatroom\Server\build/core\core.a(USBCore.cpp.o)
 *fill*         0x000052fe        0x2 
 .rodata._ZTV4Uart
                0x00005300       0x34 c:\Users\GaelHenriquezDevia\OneDrive - Sint-Jozefinstituut Schoten\Documenten\Arduino\Arduino-Wifi-Chatroom\Server\build/core\core.a(Uart.cpp.o)
                0x00005300                vtable for Uart
 .rodata._ZTVN7arduino9IPAddressE
                0x00005334        0xc c:\Users\GaelHenriquezDevia\OneDrive - Sint-Jozefinstituut Schoten\Documenten\Arduino\Arduino-Wifi-Chatroom\Server\build/core\core.a(IPAddress.cpp.o)
                0x00005334                vtable for arduino::IPAddress
 .rodata.__sf_fake_stderr
                0x00005340       0x20 c:/users/gaelhenriquezdevia/appdata/local/arduino15/packages/arduino/tools/arm-none-eabi-gcc/7-2017q4/bin/../lib/gcc/arm-none-eabi/7.2.1/../../../../arm-none-eabi/lib/thumb/v6-m\libc_nano.a(lib_a-findfp.o)
                0x00005340                __sf_fake_stderr
 .rodata.__sf_fake_stdin
                0x00005360       0x20 c:/users/gaelhenriquezdevia/appdata/local/arduino15/packages/arduino/tools/arm-none-eabi-gcc/7-2017q4/bin/../lib/gcc/arm-none-eabi/7.2.1/../../../../arm-none-eabi/lib/thumb/v6-m\libc_nano.a(lib_a-findfp.o)
                0x00005360                __sf_fake_stdin
 .rodata.__sf_fake_stdout
                0x00005380       0x20 c:/users/gaelhenriquezdevia/appdata/local/arduino15/packages/arduino/tools/arm-none-eabi-gcc/7-2017q4/bin/../lib/gcc/arm-none-eabi/7.2.1/../../../../arm-none-eabi/lib/thumb/v6-m\libc_nano.a(lib_a-findfp.o)
                0x00005380                __sf_fake_stdout
 *(.eh_frame*)
 .eh_frame      0x000053a0        0x0 c:/users/gaelhenriquezdevia/appdata/local/arduino15/packages/arduino/tools/arm-none-eabi-gcc/7-2017q4/bin/../lib/gcc/arm-none-eabi/7.2.1/thumb/v6-m/crtbegin.o
 .eh_frame      0x000053a0        0x4 c:/users/gaelhenriquezdevia/appdata/local/arduino15/packages/arduino/tools/arm-none-eabi-gcc/7-2017q4/bin/../lib/gcc/arm-none-eabi/7.2.1/thumb/v6-m/crtend.o

.glue_7         0x000053a4        0x0
 .glue_7        0x000053a4        0x0 linker stubs

.glue_7t        0x000053a4        0x0
 .glue_7t       0x000053a4        0x0 linker stubs

.vfp11_veneer   0x000053a4        0x0
 .vfp11_veneer  0x000053a4        0x0 linker stubs

.v4_bx          0x000053a4        0x0
 .v4_bx         0x000053a4        0x0 linker stubs

.iplt           0x000053a4        0x0
 .iplt          0x000053a4        0x0 c:/users/gaelhenriquezdevia/appdata/local/arduino15/packages/arduino/tools/arm-none-eabi-gcc/7-2017q4/bin/../lib/gcc/arm-none-eabi/7.2.1/thumb/v6-m/crtbegin.o

.rel.dyn        0x000053a4        0x0
 .rel.iplt      0x000053a4        0x0 c:/users/gaelhenriquezdevia/appdata/local/arduino15/packages/arduino/tools/arm-none-eabi-gcc/7-2017q4/bin/../lib/gcc/arm-none-eabi/7.2.1/thumb/v6-m/crtbegin.o

.ARM.extab
 *(.ARM.extab* .gnu.linkonce.armextab.*)
                0x000053a4                __exidx_start = .

.ARM.exidx
 *(.ARM.exidx* .gnu.linkonce.armexidx.*)
                0x000053a4                __exidx_end = .
                0x000053a4                __etext = .

.data           0x20000000       0x9c load address 0x000053a4
                0x20000000                __data_start__ = .
 *(vtable)
 *(.data*)
 .data          0x20000000        0x4 c:/users/gaelhenriquezdevia/appdata/local/arduino15/packages/arduino/tools/arm-none-eabi-gcc/7-2017q4/bin/../lib/gcc/arm-none-eabi/7.2.1/thumb/v6-m/crtbegin.o
                0x20000000                __dso_handle
 .data._ZL10breakValue
                0x20000004        0x4 c:\Users\GaelHenriquezDevia\OneDrive - Sint-Jozefinstituut Schoten\Documenten\Arduino\Arduino-Wifi-Chatroom\Server\build/core\core.a(CDC.cpp.o)
 .data._serialPeek
                0x20000008        0x4 c:\Users\GaelHenriquezDevia\OneDrive - Sint-Jozefinstituut Schoten\Documenten\Arduino\Arduino-Wifi-Chatroom\Server\build/core\core.a(CDC.cpp.o)
                0x20000008                _serialPeek
 .data.SystemCoreClock
                0x2000000c        0x4 c:\Users\GaelHenriquezDevia\OneDrive - Sint-Jozefinstituut Schoten\Documenten\Arduino\Arduino-Wifi-Chatroom\Server\build/core\core.a(wiring.c.o)
                0x2000000c                SystemCoreClock
 .data._ZL5ticks
                0x20000010        0x4 c:\Users\GaelHenriquezDevia\OneDrive - Sint-Jozefinstituut Schoten\Documenten\Arduino\Arduino-Wifi-Chatroom\Server\build/core\core.a(Reset.cpp.o)
 .data._impure_ptr
                0x20000014        0x4 c:/users/gaelhenriquezdevia/appdata/local/arduino15/packages/arduino/tools/arm-none-eabi-gcc/7-2017q4/bin/../lib/gcc/arm-none-eabi/7.2.1/../../../../arm-none-eabi/lib/thumb/v6-m\libc_nano.a(lib_a-impure.o)
                0x20000014                _impure_ptr
 .data.impure_data
                0x20000018       0x60 c:/users/gaelhenriquezdevia/appdata/local/arduino15/packages/arduino/tools/arm-none-eabi-gcc/7-2017q4/bin/../lib/gcc/arm-none-eabi/7.2.1/../../../../arm-none-eabi/lib/thumb/v6-m\libc_nano.a(lib_a-impure.o)
                0x20000078                . = ALIGN (0x4)
                0x20000078                PROVIDE (__preinit_array_start, .)
 *(.preinit_array)
                0x20000078                PROVIDE (__preinit_array_end, .)
                0x20000078                . = ALIGN (0x4)
                0x20000078                PROVIDE (__init_array_start, .)
 *(SORT_BY_NAME(.init_array.*))
 *(.init_array)
 .init_array    0x20000078        0x4 c:/users/gaelhenriquezdevia/appdata/local/arduino15/packages/arduino/tools/arm-none-eabi-gcc/7-2017q4/bin/../lib/gcc/arm-none-eabi/7.2.1/thumb/v6-m/crtbegin.o
 .init_array    0x2000007c        0x4 c:\Users\GaelHenriquezDevia\OneDrive - Sint-Jozefinstituut Schoten\Documenten\Arduino\Arduino-Wifi-Chatroom\Server\build\libraries\WiFiNINA\WiFi.cpp.o
 .init_array    0x20000080        0x4 c:\Users\GaelHenriquezDevia\OneDrive - Sint-Jozefinstituut Schoten\Documenten\Arduino\Arduino-Wifi-Chatroom\Server\build\libraries\WiFiNINA\utility\WiFiSocketBuffer.cpp.o
 .init_array    0x20000084        0x4 c:\Users\GaelHenriquezDevia\OneDrive - Sint-Jozefinstituut Schoten\Documenten\Arduino\Arduino-Wifi-Chatroom\Server\build\libraries\SPI\SPI.cpp.o
 .init_array    0x20000088        0x4 c:\Users\GaelHenriquezDevia\OneDrive - Sint-Jozefinstituut Schoten\Documenten\Arduino\Arduino-Wifi-Chatroom\Server\build\core\variant.cpp.o
 .init_array    0x2000008c        0x4 c:\Users\GaelHenriquezDevia\OneDrive - Sint-Jozefinstituut Schoten\Documenten\Arduino\Arduino-Wifi-Chatroom\Server\build/core\core.a(CDC.cpp.o)
 .init_array    0x20000090        0x4 c:\Users\GaelHenriquezDevia\OneDrive - Sint-Jozefinstituut Schoten\Documenten\Arduino\Arduino-Wifi-Chatroom\Server\build/core\core.a(USBCore.cpp.o)
 .init_array    0x20000094        0x4 c:\Users\GaelHenriquezDevia\OneDrive - Sint-Jozefinstituut Schoten\Documenten\Arduino\Arduino-Wifi-Chatroom\Server\build/core\core.a(IPAddress.cpp.o)
                0x20000098                PROVIDE (__init_array_end, .)
                0x20000098                . = ALIGN (0x4)
                [!provide]                PROVIDE (__fini_array_start, .)
 *(SORT_BY_NAME(.fini_array.*))
 *(.fini_array)
 .fini_array    0x20000098        0x4 c:/users/gaelhenriquezdevia/appdata/local/arduino15/packages/arduino/tools/arm-none-eabi-gcc/7-2017q4/bin/../lib/gcc/arm-none-eabi/7.2.1/thumb/v6-m/crtbegin.o
                [!provide]                PROVIDE (__fini_array_end, .)
 *(.jcr*)
                0x2000009c                . = ALIGN (0x4)
                0x2000009c                __data_end__ = .

.igot.plt       0x2000009c        0x0 load address 0x00005440
 .igot.plt      0x2000009c        0x0 c:/users/gaelhenriquezdevia/appdata/local/arduino15/packages/arduino/tools/arm-none-eabi-gcc/7-2017q4/bin/../lib/gcc/arm-none-eabi/7.2.1/thumb/v6-m/crtbegin.o

.bss            0x2000009c      0xe58 load address 0x00005440
                0x2000009c                . = ALIGN (0x4)
                0x2000009c                __bss_start__ = .
 *(.bss*)
 .bss           0x2000009c       0x1c c:/users/gaelhenriquezdevia/appdata/local/arduino15/packages/arduino/tools/arm-none-eabi-gcc/7-2017q4/bin/../lib/gcc/arm-none-eabi/7.2.1/thumb/v6-m/crtbegin.o
 .bss.WiFi      0x200000b8        0x8 c:\Users\GaelHenriquezDevia\OneDrive - Sint-Jozefinstituut Schoten\Documenten\Arduino\Arduino-Wifi-Chatroom\Server\build\libraries\WiFiNINA\WiFi.cpp.o
                0x200000b8                WiFi
 .bss.WiFiSocketBuffer
                0x200000c0       0x78 c:\Users\GaelHenriquezDevia\OneDrive - Sint-Jozefinstituut Schoten\Documenten\Arduino\Arduino-Wifi-Chatroom\Server\build\libraries\WiFiNINA\utility\WiFiSocketBuffer.cpp.o
                0x200000c0                WiFiSocketBuffer
 .bss.SPI       0x20000138       0x20 c:\Users\GaelHenriquezDevia\OneDrive - Sint-Jozefinstituut Schoten\Documenten\Arduino\Arduino-Wifi-Chatroom\Server\build\libraries\SPI\SPI.cpp.o
                0x20000138                SPI
 .bss.SPI1      0x20000158       0x20 c:\Users\GaelHenriquezDevia\OneDrive - Sint-Jozefinstituut Schoten\Documenten\Arduino\Arduino-Wifi-Chatroom\Server\build\libraries\SPI\SPI.cpp.o
                0x20000158                SPI1
 .bss._ZN7arduinoL20DEFAULT_SPI_SETTINGSE
                0x20000178        0x8 c:\Users\GaelHenriquezDevia\OneDrive - Sint-Jozefinstituut Schoten\Documenten\Arduino\Arduino-Wifi-Chatroom\Server\build\libraries\SPI\SPI.cpp.o
 .bss.Serial1   0x20000180      0x244 c:\Users\GaelHenriquezDevia\OneDrive - Sint-Jozefinstituut Schoten\Documenten\Arduino\Arduino-Wifi-Chatroom\Server\build\core\variant.cpp.o
                0x20000180                Serial1
 .bss.Serial2   0x200003c4      0x244 c:\Users\GaelHenriquezDevia\OneDrive - Sint-Jozefinstituut Schoten\Documenten\Arduino\Arduino-Wifi-Chatroom\Server\build\core\variant.cpp.o
                0x200003c4                Serial2
 .bss.SerialHCI
                0x20000608      0x244 c:\Users\GaelHenriquezDevia\OneDrive - Sint-Jozefinstituut Schoten\Documenten\Arduino\Arduino-Wifi-Chatroom\Server\build\core\variant.cpp.o
                0x20000608                SerialHCI
 .bss.sercom0   0x2000084c        0x8 c:\Users\GaelHenriquezDevia\OneDrive - Sint-Jozefinstituut Schoten\Documenten\Arduino\Arduino-Wifi-Chatroom\Server\build\core\variant.cpp.o
                0x2000084c                sercom0
 .bss.sercom1   0x20000854        0x8 c:\Users\GaelHenriquezDevia\OneDrive - Sint-Jozefinstituut Schoten\Documenten\Arduino\Arduino-Wifi-Chatroom\Server\build\core\variant.cpp.o
                0x20000854                sercom1
 .bss.sercom2   0x2000085c        0x8 c:\Users\GaelHenriquezDevia\OneDrive - Sint-Jozefinstituut Schoten\Documenten\Arduino\Arduino-Wifi-Chatroom\Server\build\core\variant.cpp.o
                0x2000085c                sercom2
 .bss.sercom3   0x20000864        0x8 c:\Users\GaelHenriquezDevia\OneDrive - Sint-Jozefinstituut Schoten\Documenten\Arduino\Arduino-Wifi-Chatroom\Server\build\core\variant.cpp.o
                0x20000864                sercom3
 .bss.sercom4   0x2000086c        0x8 c:\Users\GaelHenriquezDevia\OneDrive - Sint-Jozefinstituut Schoten\Documenten\Arduino\Arduino-Wifi-Chatroom\Server\build\core\variant.cpp.o
                0x2000086c                sercom4
 .bss.sercom5   0x20000874        0x8 c:\Users\GaelHenriquezDevia\OneDrive - Sint-Jozefinstituut Schoten\Documenten\Arduino\Arduino-Wifi-Chatroom\Server\build\core\variant.cpp.o
                0x20000874                sercom5
 .bss.SerialUSB
                0x2000087c       0x3c c:\Users\GaelHenriquezDevia\OneDrive - Sint-Jozefinstituut Schoten\Documenten\Arduino\Arduino-Wifi-Chatroom\Server\build/core\core.a(CDC.cpp.o)
                0x2000087c                SerialUSB
 .bss.EndPoints
                0x200008b8       0x28 c:\Users\GaelHenriquezDevia\OneDrive - Sint-Jozefinstituut Schoten\Documenten\Arduino\Arduino-Wifi-Chatroom\Server\build/core\core.a(USBCore.cpp.o)
                0x200008b8                EndPoints
 .bss.USBDevice
                0x200008e0        0x1 c:\Users\GaelHenriquezDevia\OneDrive - Sint-Jozefinstituut Schoten\Documenten\Arduino\Arduino-Wifi-Chatroom\Server\build/core\core.a(USBCore.cpp.o)
                0x200008e0                USBDevice
 *fill*         0x200008e1        0x3 
 .bss._ZL10epHandlers
                0x200008e4       0x1c c:\Users\GaelHenriquezDevia\OneDrive - Sint-Jozefinstituut Schoten\Documenten\Arduino\Arduino-Wifi-Chatroom\Server\build/core\core.a(USBCore.cpp.o)
 .bss._ZL14isEndpointHalt
                0x20000900        0x1 c:\Users\GaelHenriquezDevia\OneDrive - Sint-Jozefinstituut Schoten\Documenten\Arduino\Arduino-Wifi-Chatroom\Server\build/core\core.a(USBCore.cpp.o)
 .bss._ZL20LastTransmitTimedOut
                0x20000901        0x7 c:\Users\GaelHenriquezDevia\OneDrive - Sint-Jozefinstituut Schoten\Documenten\Arduino\Arduino-Wifi-Chatroom\Server\build/core\core.a(USBCore.cpp.o)
 .bss._ZL21isRemoteWakeUpEnabled
                0x20000908        0x1 c:\Users\GaelHenriquezDevia\OneDrive - Sint-Jozefinstituut Schoten\Documenten\Arduino\Arduino-Wifi-Chatroom\Server\build/core\core.a(USBCore.cpp.o)
 *fill*         0x20000909        0x3 
 .bss._ZL22udd_ep_in_cache_buffer
                0x2000090c      0x1c0 c:\Users\GaelHenriquezDevia\OneDrive - Sint-Jozefinstituut Schoten\Documenten\Arduino\Arduino-Wifi-Chatroom\Server\build/core\core.a(USBCore.cpp.o)
 .bss._ZL23udd_ep_out_cache_buffer
                0x20000acc      0x1c0 c:\Users\GaelHenriquezDevia\OneDrive - Sint-Jozefinstituut Schoten\Documenten\Arduino\Arduino-Wifi-Chatroom\Server\build/core\core.a(USBCore.cpp.o)
 .bss._dry_run  0x20000c8c        0x1 c:\Users\GaelHenriquezDevia\OneDrive - Sint-Jozefinstituut Schoten\Documenten\Arduino\Arduino-Wifi-Chatroom\Server\build/core\core.a(USBCore.cpp.o)
                0x20000c8c                _dry_run
 .bss._pack_buffer
                0x20000c8d      0x100 c:\Users\GaelHenriquezDevia\OneDrive - Sint-Jozefinstituut Schoten\Documenten\Arduino\Arduino-Wifi-Chatroom\Server\build/core\core.a(USBCore.cpp.o)
                0x20000c8d                _pack_buffer
 .bss._pack_message
                0x20000d8d        0x1 c:\Users\GaelHenriquezDevia\OneDrive - Sint-Jozefinstituut Schoten\Documenten\Arduino\Arduino-Wifi-Chatroom\Server\build/core\core.a(USBCore.cpp.o)
                0x20000d8d                _pack_message
 .bss._pack_size
                0x20000d8e        0x2 c:\Users\GaelHenriquezDevia\OneDrive - Sint-Jozefinstituut Schoten\Documenten\Arduino\Arduino-Wifi-Chatroom\Server\build/core\core.a(USBCore.cpp.o)
                0x20000d8e                _pack_size
 .bss._usbConfiguration
                0x20000d90        0x4 c:\Users\GaelHenriquezDevia\OneDrive - Sint-Jozefinstituut Schoten\Documenten\Arduino\Arduino-Wifi-Chatroom\Server\build/core\core.a(USBCore.cpp.o)
                0x20000d90                _usbConfiguration
 .bss._usbSetInterface
                0x20000d94        0x4 c:\Users\GaelHenriquezDevia\OneDrive - Sint-Jozefinstituut Schoten\Documenten\Arduino\Arduino-Wifi-Chatroom\Server\build/core\core.a(USBCore.cpp.o)
                0x20000d94                _usbSetInterface
 .bss.usbd      0x20000d98      0x104 c:\Users\GaelHenriquezDevia\OneDrive - Sint-Jozefinstituut Schoten\Documenten\Arduino\Arduino-Wifi-Chatroom\Server\build/core\core.a(USBCore.cpp.o)
                0x20000d98                usbd
 .bss._ZN7arduino11IN6ADDR_ANYE
                0x20000e9c       0x18 c:\Users\GaelHenriquezDevia\OneDrive - Sint-Jozefinstituut Schoten\Documenten\Arduino\Arduino-Wifi-Chatroom\Server\build/core\core.a(IPAddress.cpp.o)
                0x20000e9c                arduino::IN6ADDR_ANY
 .bss._ZN7arduino11INADDR_NONEE
                0x20000eb4       0x18 c:\Users\GaelHenriquezDevia\OneDrive - Sint-Jozefinstituut Schoten\Documenten\Arduino\Arduino-Wifi-Chatroom\Server\build/core\core.a(IPAddress.cpp.o)
                0x20000eb4                arduino::INADDR_NONE
 .bss._ZGVZ12PluggableUSBvE3obj
                0x20000ecc        0x4 c:\Users\GaelHenriquezDevia\OneDrive - Sint-Jozefinstituut Schoten\Documenten\Arduino\Arduino-Wifi-Chatroom\Server\build/core\core.a(PluggableUSB.cpp.o)
 .bss._ZZ12PluggableUSBvE3obj
                0x20000ed0        0xc c:\Users\GaelHenriquezDevia\OneDrive - Sint-Jozefinstituut Schoten\Documenten\Arduino\Arduino-Wifi-Chatroom\Server\build/core\core.a(PluggableUSB.cpp.o)
 .bss.usb_isr   0x20000edc        0x4 c:\Users\GaelHenriquezDevia\OneDrive - Sint-Jozefinstituut Schoten\Documenten\Arduino\Arduino-Wifi-Chatroom\Server\build/core\core.a(cortex_handlers.c.o)
 .bss._ulTickCount
                0x20000ee0        0x4 c:\Users\GaelHenriquezDevia\OneDrive - Sint-Jozefinstituut Schoten\Documenten\Arduino\Arduino-Wifi-Chatroom\Server\build/core\core.a(delay.c.o)
 .bss.__malloc_free_list
                0x20000ee4        0x4 c:/users/gaelhenriquezdevia/appdata/local/arduino15/packages/arduino/tools/arm-none-eabi-gcc/7-2017q4/bin/../lib/gcc/arm-none-eabi/7.2.1/../../../../arm-none-eabi/lib/thumb/v6-m\libc_nano.a(lib_a-nano-mallocr.o)
                0x20000ee4                __malloc_free_list
 .bss.__malloc_sbrk_start
                0x20000ee8        0x4 c:/users/gaelhenriquezdevia/appdata/local/arduino15/packages/arduino/tools/arm-none-eabi-gcc/7-2017q4/bin/../lib/gcc/arm-none-eabi/7.2.1/../../../../arm-none-eabi/lib/thumb/v6-m\libc_nano.a(lib_a-nano-mallocr.o)
                0x20000ee8                __malloc_sbrk_start
 .bss.heap_end.4102
                0x20000eec        0x4 c:/users/gaelhenriquezdevia/appdata/local/arduino15/packages/arduino/tools/arm-none-eabi-gcc/7-2017q4/bin/../lib/gcc/arm-none-eabi/7.2.1/../../../../arm-none-eabi/lib/thumb/v6-m\libnosys.a(sbrk.o)
 *(COMMON)
 COMMON         0x20000ef0        0x4 c:/users/gaelhenriquezdevia/appdata/local/arduino15/packages/arduino/tools/arm-none-eabi-gcc/7-2017q4/bin/../lib/gcc/arm-none-eabi/7.2.1/../../../../arm-none-eabi/lib/thumb/v6-m\libc_nano.a(lib_a-reent.o)
                0x20000ef0                errno
                0x20000ef4                . = ALIGN (0x4)
                0x20000ef4                __bss_end__ = .

.heap           0x20000ef4        0x0
                0x20000ef4                __end__ = .
                0x20000ef4                PROVIDE (end, .)
 *(.heap*)
                0x20000ef4                __HeapLimit = .

.stack_dummy    0x20000ef4        0x0
 *(.stack*)
                0x20008000                __StackTop = (ORIGIN (RAM) + LENGTH (RAM))
                0x20008000                __StackLimit = (__StackTop - SIZEOF (.stack_dummy))
                0x20008000                PROVIDE (__stack, __StackTop)
                0x20007fff                __ram_end__ = ((ORIGIN (RAM) + LENGTH (RAM)) - 0x1)
                0x00000001                ASSERT ((__StackLimit >= __HeapLimit), region RAM overflowed with stack)
OUTPUT(c:\Users\GaelHenriquezDevia\OneDrive - Sint-Jozefinstituut Schoten\Documenten\Arduino\Arduino-Wifi-Chatroom\Server\build/Server.ino.elf elf32-littlearm)

.ARM.attributes
                0x00000000       0x28
 .ARM.attributes
                0x00000000       0x1e c:/users/gaelhenriquezdevia/appdata/local/arduino15/packages/arduino/tools/arm-none-eabi-gcc/7-2017q4/bin/../lib/gcc/arm-none-eabi/7.2.1/thumb/v6-m/crti.o
 .ARM.attributes
                0x0000001e       0x2c c:/users/gaelhenriquezdevia/appdata/local/arduino15/packages/arduino/tools/arm-none-eabi-gcc/7-2017q4/bin/../lib/gcc/arm-none-eabi/7.2.1/thumb/v6-m/crtbegin.o
 .ARM.attributes
                0x0000004a       0x32 c:\Users\GaelHenriquezDevia\OneDrive - Sint-Jozefinstituut Schoten\Documenten\Arduino\Arduino-Wifi-Chatroom\Server\build\sketch\Server.ino.cpp.o
 .ARM.attributes
                0x0000007c       0x32 c:\Users\GaelHenriquezDevia\OneDrive - Sint-Jozefinstituut Schoten\Documenten\Arduino\Arduino-Wifi-Chatroom\Server\build\libraries\WiFiNINA\WiFi.cpp.o
 .ARM.attributes
                0x000000ae       0x32 c:\Users\GaelHenriquezDevia\OneDrive - Sint-Jozefinstituut Schoten\Documenten\Arduino\Arduino-Wifi-Chatroom\Server\build\libraries\WiFiNINA\utility\WiFiSocketBuffer.cpp.o
 .ARM.attributes
                0x000000e0       0x32 c:\Users\GaelHenriquezDevia\OneDrive - Sint-Jozefinstituut Schoten\Documenten\Arduino\Arduino-Wifi-Chatroom\Server\build\libraries\SPI\SPI.cpp.o
 .ARM.attributes
                0x00000112       0x32 c:\Users\GaelHenriquezDevia\OneDrive - Sint-Jozefinstituut Schoten\Documenten\Arduino\Arduino-Wifi-Chatroom\Server\build\core\variant.cpp.o
 .ARM.attributes
                0x00000144       0x32 c:\Users\GaelHenriquezDevia\OneDrive - Sint-Jozefinstituut Schoten\Documenten\Arduino\Arduino-Wifi-Chatroom\Server\build/core\core.a(SERCOM.cpp.o)
 .ARM.attributes
                0x00000176       0x32 c:\Users\GaelHenriquezDevia\OneDrive - Sint-Jozefinstituut Schoten\Documenten\Arduino\Arduino-Wifi-Chatroom\Server\build/core\core.a(CDC.cpp.o)
 .ARM.attributes
                0x000001a8       0x32 c:\Users\GaelHenriquezDevia\OneDrive - Sint-Jozefinstituut Schoten\Documenten\Arduino\Arduino-Wifi-Chatroom\Server\build/core\core.a(USBCore.cpp.o)
 .ARM.attributes
                0x000001da       0x32 c:\Users\GaelHenriquezDevia\OneDrive - Sint-Jozefinstituut Schoten\Documenten\Arduino\Arduino-Wifi-Chatroom\Server\build/core\core.a(Uart.cpp.o)
 .ARM.attributes
                0x0000020c       0x32 c:\Users\GaelHenriquezDevia\OneDrive - Sint-Jozefinstituut Schoten\Documenten\Arduino\Arduino-Wifi-Chatroom\Server\build/core\core.a(IPAddress.cpp.o)
 .ARM.attributes
                0x0000023e       0x32 c:\Users\GaelHenriquezDevia\OneDrive - Sint-Jozefinstituut Schoten\Documenten\Arduino\Arduino-Wifi-Chatroom\Server\build/core\core.a(PluggableUSB.cpp.o)
 .ARM.attributes
                0x00000270       0x32 c:\Users\GaelHenriquezDevia\OneDrive - Sint-Jozefinstituut Schoten\Documenten\Arduino\Arduino-Wifi-Chatroom\Server\build/core\core.a(Print.cpp.o)
 .ARM.attributes
                0x000002a2       0x32 c:\Users\GaelHenriquezDevia\OneDrive - Sint-Jozefinstituut Schoten\Documenten\Arduino\Arduino-Wifi-Chatroom\Server\build/core\core.a(cortex_handlers.c.o)
 .ARM.attributes
                0x000002d4       0x32 c:\Users\GaelHenriquezDevia\OneDrive - Sint-Jozefinstituut Schoten\Documenten\Arduino\Arduino-Wifi-Chatroom\Server\build/core\core.a(delay.c.o)
 .ARM.attributes
                0x00000306       0x32 c:\Users\GaelHenriquezDevia\OneDrive - Sint-Jozefinstituut Schoten\Documenten\Arduino\Arduino-Wifi-Chatroom\Server\build/core\core.a(hooks.c.o)
 .ARM.attributes
                0x00000338       0x32 c:\Users\GaelHenriquezDevia\OneDrive - Sint-Jozefinstituut Schoten\Documenten\Arduino\Arduino-Wifi-Chatroom\Server\build/core\core.a(main.cpp.o)
 .ARM.attributes
                0x0000036a       0x32 c:\Users\GaelHenriquezDevia\OneDrive - Sint-Jozefinstituut Schoten\Documenten\Arduino\Arduino-Wifi-Chatroom\Server\build/core\core.a(new.cpp.o)
 .ARM.attributes
                0x0000039c       0x32 c:\Users\GaelHenriquezDevia\OneDrive - Sint-Jozefinstituut Schoten\Documenten\Arduino\Arduino-Wifi-Chatroom\Server\build/core\core.a(startup.c.o)
 .ARM.attributes
                0x000003ce       0x32 c:\Users\GaelHenriquezDevia\OneDrive - Sint-Jozefinstituut Schoten\Documenten\Arduino\Arduino-Wifi-Chatroom\Server\build/core\core.a(wiring.c.o)
 .ARM.attributes
                0x00000400       0x32 c:\Users\GaelHenriquezDevia\OneDrive - Sint-Jozefinstituut Schoten\Documenten\Arduino\Arduino-Wifi-Chatroom\Server\build/core\core.a(wiring_analog.c.o)
 .ARM.attributes
                0x00000432       0x32 c:\Users\GaelHenriquezDevia\OneDrive - Sint-Jozefinstituut Schoten\Documenten\Arduino\Arduino-Wifi-Chatroom\Server\build/core\core.a(wiring_digital.c.o)
 .ARM.attributes